mui_u8g2.c:139:13:u8g2_DrawCheckbox	32	static
mui_u8g2.c:149:13:u8g2_DrawValueMark	32	static
mui_u8g2.c:159:13:mui_get_x	16	static
mui_u8g2.c:166:13:mui_get_y	16	static
mui_u8g2.c:171:9:mui_get_U8g2	16	static
mui_u8g2.c:177:6:mui_u8g2_draw_button_utf	48	static
mui_u8g2.c:184:13:mui_u8g2_get_pi_flags	24	static
mui_u8g2.c:199:6:mui_u8g2_draw_button_pi	32	static
mui_u8g2.c:205:13:mui_u8g2_get_fi_flags	24	static
mui_u8g2.c:219:6:mui_u8g2_draw_button_fi	32	static
mui_u8g2.c:225:13:mui_u8g2_get_pf_flags	24	static
mui_u8g2.c:239:6:mui_u8g2_draw_button_pf	32	static
mui_u8g2.c:245:13:mui_u8g2_get_if_flags	24	static
mui_u8g2.c:267:6:mui_u8g2_draw_button_if	32	static
mui_u8g2.c:274:16:mui_u8g2_handle_scroll_next_prev_events	24	static
mui_u8g2.c:329:9:mui_u8g2_set_font_style_function	16	static
mui_u8g2.c:347:9:mui_u8g2_draw_text	24	static
mui_u8g2.c:398:9:mui_u8g2_btn_goto_wm_fi	24	static
mui_u8g2.c:425:9:mui_u8g2_btn_goto_wm_if	24	static
mui_u8g2.c:452:9:mui_u8g2_btn_goto_w2_fi	32	static
mui_u8g2.c:479:9:mui_u8g2_btn_goto_w2_if	32	static
mui_u8g2.c:533:9:mui_u8g2_btn_exit_wm_fi	32	static
mui_u8g2.c:565:9:mui_u8g2_btn_goto_w1_pi	32	static
mui_u8g2.c:594:9:mui_u8g2_btn_goto_w1_fi	32	static
mui_u8g2.c:625:13:mui_u8g2_u8_vmm_draw_wm_pi	56	static
mui_u8g2.c:655:9:mui_u8g2_u8_min_max_wm_mse_pi	32	static
mui_u8g2.c:686:9:mui_u8g2_u8_min_max_wm_mud_pi	32	static
mui_u8g2.c:739:13:mui_u8g2_u8_vmm_draw_wm_pf	56	static
mui_u8g2.c:769:9:mui_u8g2_u8_min_max_wm_mse_pf	32	static
mui_u8g2.c:800:9:mui_u8g2_u8_min_max_wm_mud_pf	32	static
mui_u8g2.c:854:13:mui_u8g2_u8_bar_draw_wm	72	static
mui_u8g2.c:912:9:mui_u8g2_u8_bar_wm_mse_pi	32	static
mui_u8g2.c:945:9:mui_u8g2_u8_bar_wm_mud_pi	32	static
mui_u8g2.c:996:9:mui_u8g2_u8_bar_wm_mse_pf	32	static
mui_u8g2.c:1028:9:mui_u8g2_u8_bar_wm_mud_pf	32	static
mui_u8g2.c:1082:9:mui_is_valid_char	16	static
mui_u8g2.c:1097:9:mui_u8g2_u8_char_wm_mud_pi	32	static
mui_u8g2.c:1182:9:mui_u8g2_u8_opt_line_wa_mse_pi	24	static
mui_u8g2.c:1220:9:mui_u8g2_u8_opt_line_wa_mse_pf	24	static
mui_u8g2.c:1256:9:mui_u8g2_u8_opt_line_wa_mud_pi	24	static
mui_u8g2.c:1309:9:mui_u8g2_u8_opt_line_wa_mud_pf	24	static
mui_u8g2.c:1388:9:mui_u8g2_u8_chkbox_wm_pi	56	static
mui_u8g2.c:1443:9:mui_u8g2_u8_radio_wm_pi	56	static
mui_u8g2.c:1495:9:mui_u8g2_u8_opt_parent_wm_mse_pi	24	static
mui_u8g2.c:1531:9:mui_u8g2_u8_opt_child_mse_common	24	static
mui_u8g2.c:1574:9:mui_u8g2_u8_opt_radio_child_wm_mse_pi	56	static
mui_u8g2.c:1619:9:mui_u8g2_u8_opt_radio_child_w1_mse_pi	56	static
mui_u8g2.c:1665:9:mui_u8g2_u8_opt_child_wm_mse_pi	48	static
mui_u8g2.c:1715:9:mui_u8g2_goto_data	16	static
mui_u8g2.c:1746:9:mui_u8g2_goto_form_w1_mse_pi	32	static
mui_u8g2.c:1769:9:mui_u8g2_goto_form_w1_mse_pf	32	static
mui_u8g2.c:1796:9:mui_u8g2_u16_list_line_wa_mse_pi	48	static
mui_u8g2.c:1832:9:mui_u8g2_u16_list_line_wa_mud_pi	48	static
mui_u8g2.c:1890:9:mui_u8g2_u16_list_parent_wm_mse_pi	32	static
mui_u8g2.c:1924:16:mui_u8g2_u16_list_child_mse_common	40	static
mui_u8g2.c:1970:9:mui_u8g2_u16_list_child_w1_mse_pi	80	static
mui_u8g2.c:2010:9:mui_u8g2_u16_list_goto_w1_mse_pi	48	static
