Archive member included to satisfy reference by file (symbol)

d:/progfiles/stmicroelectronics/stm32cubeide_1.8.0/stm32cubeide/plugins/com.st.stm32cube.ide.mcu.externaltools.gnu-tools-for-stm32.9-2020-q2-update.win32_2.0.0.202105311346/tools/bin/../lib/gcc/arm-none-eabi/9.3.1/../../../../arm-none-eabi/lib/thumb/v7-m/nofp\libc_nano.a(lib_a-errno.o)
                              ./Core/Src/syscalls.o (__errno)
d:/progfiles/stmicroelectronics/stm32cubeide_1.8.0/stm32cubeide/plugins/com.st.stm32cube.ide.mcu.externaltools.gnu-tools-for-stm32.9-2020-q2-update.win32_2.0.0.202105311346/tools/bin/../lib/gcc/arm-none-eabi/9.3.1/../../../../arm-none-eabi/lib/thumb/v7-m/nofp\libc_nano.a(lib_a-exit.o)
                              d:/progfiles/stmicroelectronics/stm32cubeide_1.8.0/stm32cubeide/plugins/com.st.stm32cube.ide.mcu.externaltools.gnu-tools-for-stm32.9-2020-q2-update.win32_2.0.0.202105311346/tools/bin/../lib/gcc/arm-none-eabi/9.3.1/../../../../arm-none-eabi/lib/thumb/v7-m/nofp/crt0.o (exit)
d:/progfiles/stmicroelectronics/stm32cubeide_1.8.0/stm32cubeide/plugins/com.st.stm32cube.ide.mcu.externaltools.gnu-tools-for-stm32.9-2020-q2-update.win32_2.0.0.202105311346/tools/bin/../lib/gcc/arm-none-eabi/9.3.1/../../../../arm-none-eabi/lib/thumb/v7-m/nofp\libc_nano.a(lib_a-impure.o)
                              d:/progfiles/stmicroelectronics/stm32cubeide_1.8.0/stm32cubeide/plugins/com.st.stm32cube.ide.mcu.externaltools.gnu-tools-for-stm32.9-2020-q2-update.win32_2.0.0.202105311346/tools/bin/../lib/gcc/arm-none-eabi/9.3.1/../../../../arm-none-eabi/lib/thumb/v7-m/nofp\libc_nano.a(lib_a-exit.o) (_global_impure_ptr)
d:/progfiles/stmicroelectronics/stm32cubeide_1.8.0/stm32cubeide/plugins/com.st.stm32cube.ide.mcu.externaltools.gnu-tools-for-stm32.9-2020-q2-update.win32_2.0.0.202105311346/tools/bin/../lib/gcc/arm-none-eabi/9.3.1/../../../../arm-none-eabi/lib/thumb/v7-m/nofp\libc_nano.a(lib_a-init.o)
                              d:/progfiles/stmicroelectronics/stm32cubeide_1.8.0/stm32cubeide/plugins/com.st.stm32cube.ide.mcu.externaltools.gnu-tools-for-stm32.9-2020-q2-update.win32_2.0.0.202105311346/tools/bin/../lib/gcc/arm-none-eabi/9.3.1/../../../../arm-none-eabi/lib/thumb/v7-m/nofp/crt0.o (__libc_init_array)
d:/progfiles/stmicroelectronics/stm32cubeide_1.8.0/stm32cubeide/plugins/com.st.stm32cube.ide.mcu.externaltools.gnu-tools-for-stm32.9-2020-q2-update.win32_2.0.0.202105311346/tools/bin/../lib/gcc/arm-none-eabi/9.3.1/../../../../arm-none-eabi/lib/thumb/v7-m/nofp\libc_nano.a(lib_a-memset.o)
                              d:/progfiles/stmicroelectronics/stm32cubeide_1.8.0/stm32cubeide/plugins/com.st.stm32cube.ide.mcu.externaltools.gnu-tools-for-stm32.9-2020-q2-update.win32_2.0.0.202105311346/tools/bin/../lib/gcc/arm-none-eabi/9.3.1/../../../../arm-none-eabi/lib/thumb/v7-m/nofp/crt0.o (memset)

Allocating common symbols
Common symbol       size              file

hrtc                0x14              ./Core/Src/main.o
hi2c1               0x54              ./Core/Src/main.o
pFlash              0x20              ./Drivers/STM32F1xx_HAL_Driver/Src/stm32f1xx_hal_flash.o
u8g2_pg             0x4c              ./Lib/u8g2/u8g2_polygon.o
uwTick              0x4               ./Drivers/STM32F1xx_HAL_Driver/Src/stm32f1xx_hal.o
htim2               0x48              ./Core/Src/main.o

Discarded input sections

 .text          0x0000000000000000        0x0 d:/progfiles/stmicroelectronics/stm32cubeide_1.8.0/stm32cubeide/plugins/com.st.stm32cube.ide.mcu.externaltools.gnu-tools-for-stm32.9-2020-q2-update.win32_2.0.0.202105311346/tools/bin/../lib/gcc/arm-none-eabi/9.3.1/thumb/v7-m/nofp/crti.o
 .data          0x0000000000000000        0x0 d:/progfiles/stmicroelectronics/stm32cubeide_1.8.0/stm32cubeide/plugins/com.st.stm32cube.ide.mcu.externaltools.gnu-tools-for-stm32.9-2020-q2-update.win32_2.0.0.202105311346/tools/bin/../lib/gcc/arm-none-eabi/9.3.1/thumb/v7-m/nofp/crti.o
 .bss           0x0000000000000000        0x0 d:/progfiles/stmicroelectronics/stm32cubeide_1.8.0/stm32cubeide/plugins/com.st.stm32cube.ide.mcu.externaltools.gnu-tools-for-stm32.9-2020-q2-update.win32_2.0.0.202105311346/tools/bin/../lib/gcc/arm-none-eabi/9.3.1/thumb/v7-m/nofp/crti.o
 .data          0x0000000000000000        0x4 d:/progfiles/stmicroelectronics/stm32cubeide_1.8.0/stm32cubeide/plugins/com.st.stm32cube.ide.mcu.externaltools.gnu-tools-for-stm32.9-2020-q2-update.win32_2.0.0.202105311346/tools/bin/../lib/gcc/arm-none-eabi/9.3.1/thumb/v7-m/nofp/crtbegin.o
 .text          0x0000000000000000       0x7c d:/progfiles/stmicroelectronics/stm32cubeide_1.8.0/stm32cubeide/plugins/com.st.stm32cube.ide.mcu.externaltools.gnu-tools-for-stm32.9-2020-q2-update.win32_2.0.0.202105311346/tools/bin/../lib/gcc/arm-none-eabi/9.3.1/../../../../arm-none-eabi/lib/thumb/v7-m/nofp/crt0.o
[...]
Memory Configuration

Name             Origin             Length             Attributes
RAM              0x0000000020000000 0x0000000000005000 xrw
FLASH            0x0000000008000000 0x0000000000010000 xr
*default*        0x0000000000000000 0xffffffffffffffff

Linker script and memory map

LOAD d:/progfiles/stmicroelectronics/stm32cubeide_1.8.0/stm32cubeide/plugins/com.st.stm32cube.ide.mcu.externaltools.gnu-tools-for-stm32.9-2020-q2-update.win32_2.0.0.202105311346/tools/bin/../lib/gcc/arm-none-eabi/9.3.1/thumb/v7-m/nofp/crti.o
LOAD d:/progfiles/stmicroelectronics/stm32cubeide_1.8.0/stm32cubeide/plugins/com.st.stm32cube.ide.mcu.externaltools.gnu-tools-for-stm32.9-2020-q2-update.win32_2.0.0.202105311346/tools/bin/../lib/gcc/arm-none-eabi/9.3.1/thumb/v7-m/nofp/crtbegin.o
LOAD d:/progfiles/stmicroelectronics/stm32cubeide_1.8.0/stm32cubeide/plugins/com.st.stm32cube.ide.mcu.externaltools.gnu-tools-for-stm32.9-2020-q2-update.win32_2.0.0.202105311346/tools/bin/../lib/gcc/arm-none-eabi/9.3.1/../../../../arm-none-eabi/lib/thumb/v7-m/nofp/crt0.o
LOAD ./Core/Src/main.o
LOAD ./Core/Src/stm32f1xx_hal_msp.o
LOAD ./Core/Src/stm32f1xx_it.o
LOAD ./Core/Src/syscalls.o
LOAD ./Core/Src/sysmem.o
LOAD ./Core/Src/system_stm32f1xx.o
LOAD ./Core/Startup/startup_stm32f103c8tx.o
LOAD ./Drivers/STM32F1xx_HAL_Driver/Src/stm32f1xx_hal.o
LOAD ./Drivers/STM32F1xx_HAL_Driver/Src/stm32f1xx_hal_cortex.o
LOAD ./Drivers/STM32F1xx_HAL_Driver/Src/stm32f1xx_hal_dma.o
LOAD ./Drivers/STM32F1xx_HAL_Driver/Src/stm32f1xx_hal_exti.o
LOAD ./Drivers/STM32F1xx_HAL_Driver/Src/stm32f1xx_hal_flash.o
LOAD ./Drivers/STM32F1xx_HAL_Driver/Src/stm32f1xx_hal_flash_ex.o
LOAD ./Drivers/STM32F1xx_HAL_Driver/Src/stm32f1xx_hal_gpio.o
LOAD ./Drivers/STM32F1xx_HAL_Driver/Src/stm32f1xx_hal_gpio_ex.o
LOAD ./Drivers/STM32F1xx_HAL_Driver/Src/stm32f1xx_hal_i2c.o
LOAD ./Drivers/STM32F1xx_HAL_Driver/Src/stm32f1xx_hal_pwr.o
LOAD ./Drivers/STM32F1xx_HAL_Driver/Src/stm32f1xx_hal_rcc.o
LOAD ./Drivers/STM32F1xx_HAL_Driver/Src/stm32f1xx_hal_rcc_ex.o
LOAD ./Drivers/STM32F1xx_HAL_Driver/Src/stm32f1xx_hal_rtc.o
LOAD ./Drivers/STM32F1xx_HAL_Driver/Src/stm32f1xx_hal_rtc_ex.o
LOAD ./Drivers/STM32F1xx_HAL_Driver/Src/stm32f1xx_hal_tim.o
LOAD ./Drivers/STM32F1xx_HAL_Driver/Src/stm32f1xx_hal_tim_ex.o
LOAD ./Hardware/oled.o
LOAD ./Lib/u8g2/mui.o
LOAD ./Lib/u8g2/mui_u8g2.o
LOAD ./Lib/u8g2/u8g2_bitmap.o
LOAD ./Lib/u8g2/u8g2_box.o
LOAD ./Lib/u8g2/u8g2_buffer.o
LOAD ./Lib/u8g2/u8g2_button.o
LOAD ./Lib/u8g2/u8g2_circle.o
LOAD ./Lib/u8g2/u8g2_cleardisplay.o
LOAD ./Lib/u8g2/u8g2_d_memory.o
LOAD ./Lib/u8g2/u8g2_d_setup.o
LOAD ./Lib/u8g2/u8g2_font.o
LOAD ./Lib/u8g2/u8g2_fonts.o
LOAD ./Lib/u8g2/u8g2_hvline.o
LOAD ./Lib/u8g2/u8g2_input_value.o
LOAD ./Lib/u8g2/u8g2_intersection.o
LOAD ./Lib/u8g2/u8g2_kerning.o
LOAD ./Lib/u8g2/u8g2_line.o
LOAD ./Lib/u8g2/u8g2_ll_hvline.o
LOAD ./Lib/u8g2/u8g2_message.o
LOAD ./Lib/u8g2/u8g2_polygon.o
LOAD ./Lib/u8g2/u8g2_selection_list.o
LOAD ./Lib/u8g2/u8g2_setup.o
LOAD ./Lib/u8g2/u8log.o
LOAD ./Lib/u8g2/u8log_u8g2.o
LOAD ./Lib/u8g2/u8log_u8x8.o
LOAD ./Lib/u8g2/u8x8_8x8.o
LOAD ./Lib/u8g2/u8x8_byte.o
LOAD ./Lib/u8g2/u8x8_cad.o
LOAD ./Lib/u8g2/u8x8_capture.o
LOAD ./Lib/u8g2/u8x8_d_ssd1306_128x64_noname.o
LOAD ./Lib/u8g2/u8x8_debounce.o
LOAD ./Lib/u8g2/u8x8_display.o
LOAD ./Lib/u8g2/u8x8_fonts.o
LOAD ./Lib/u8g2/u8x8_gpio.o
LOAD ./Lib/u8g2/u8x8_input_value.o
LOAD ./Lib/u8g2/u8x8_message.o
LOAD ./Lib/u8g2/u8x8_selection_list.o
LOAD ./Lib/u8g2/u8x8_setup.o
LOAD ./Lib/u8g2/u8x8_string.o
LOAD ./Lib/u8g2/u8x8_u16toa.o
LOAD ./Lib/u8g2/u8x8_u8toa.o
START GROUP
LOAD d:/progfiles/stmicroelectronics/stm32cubeide_1.8.0/stm32cubeide/plugins/com.st.stm32cube.ide.mcu.externaltools.gnu-tools-for-stm32.9-2020-q2-update.win32_2.0.0.202105311346/tools/bin/../lib/gcc/arm-none-eabi/9.3.1/../../../../arm-none-eabi/lib/thumb/v7-m/nofp\libc_nano.a
LOAD d:/progfiles/stmicroelectronics/stm32cubeide_1.8.0/stm32cubeide/plugins/com.st.stm32cube.ide.mcu.externaltools.gnu-tools-for-stm32.9-2020-q2-update.win32_2.0.0.202105311346/tools/bin/../lib/gcc/arm-none-eabi/9.3.1/../../../../arm-none-eabi/lib/thumb/v7-m/nofp\libm.a
END GROUP
START GROUP
LOAD d:/progfiles/stmicroelectronics/stm32cubeide_1.8.0/stm32cubeide/plugins/com.st.stm32cube.ide.mcu.externaltools.gnu-tools-for-stm32.9-2020-q2-update.win32_2.0.0.202105311346/tools/bin/../lib/gcc/arm-none-eabi/9.3.1/thumb/v7-m/nofp\libgcc.a
LOAD d:/progfiles/stmicroelectronics/stm32cubeide_1.8.0/stm32cubeide/plugins/com.st.stm32cube.ide.mcu.externaltools.gnu-tools-for-stm32.9-2020-q2-update.win32_2.0.0.202105311346/tools/bin/../lib/gcc/arm-none-eabi/9.3.1/../../../../arm-none-eabi/lib/thumb/v7-m/nofp\libc_nano.a
END GROUP
START GROUP
LOAD d:/progfiles/stmicroelectronics/stm32cubeide_1.8.0/stm32cubeide/plugins/com.st.stm32cube.ide.mcu.externaltools.gnu-tools-for-stm32.9-2020-q2-update.win32_2.0.0.202105311346/tools/bin/../lib/gcc/arm-none-eabi/9.3.1/thumb/v7-m/nofp\libgcc.a
LOAD d:/progfiles/stmicroelectronics/stm32cubeide_1.8.0/stm32cubeide/plugins/com.st.stm32cube.ide.mcu.externaltools.gnu-tools-for-stm32.9-2020-q2-update.win32_2.0.0.202105311346/tools/bin/../lib/gcc/arm-none-eabi/9.3.1/../../../../arm-none-eabi/lib/thumb/v7-m/nofp\libc_nano.a
LOAD d:/progfiles/stmicroelectronics/stm32cubeide_1.8.0/stm32cubeide/plugins/com.st.stm32cube.ide.mcu.externaltools.gnu-tools-for-stm32.9-2020-q2-update.win32_2.0.0.202105311346/tools/bin/../lib/gcc/arm-none-eabi/9.3.1/../../../../arm-none-eabi/lib/thumb/v7-m/nofp\libnosys.a
END GROUP
START GROUP
LOAD d:/progfiles/stmicroelectronics/stm32cubeide_1.8.0/stm32cubeide/plugins/com.st.stm32cube.ide.mcu.externaltools.gnu-tools-for-stm32.9-2020-q2-update.win32_2.0.0.202105311346/tools/bin/../lib/gcc/arm-none-eabi/9.3.1/thumb/v7-m/nofp\libgcc.a
LOAD d:/progfiles/stmicroelectronics/stm32cubeide_1.8.0/stm32cubeide/plugins/com.st.stm32cube.ide.mcu.externaltools.gnu-tools-for-stm32.9-2020-q2-update.win32_2.0.0.202105311346/tools/bin/../lib/gcc/arm-none-eabi/9.3.1/../../../../arm-none-eabi/lib/thumb/v7-m/nofp\libc_nano.a
LOAD d:/progfiles/stmicroelectronics/stm32cubeide_1.8.0/stm32cubeide/plugins/com.st.stm32cube.ide.mcu.externaltools.gnu-tools-for-stm32.9-2020-q2-update.win32_2.0.0.202105311346/tools/bin/../lib/gcc/arm-none-eabi/9.3.1/../../../../arm-none-eabi/lib/thumb/v7-m/nofp\libnosys.a
END GROUP
LOAD d:/progfiles/stmicroelectronics/stm32cubeide_1.8.0/stm32cubeide/plugins/com.st.stm32cube.ide.mcu.externaltools.gnu-tools-for-stm32.9-2020-q2-update.win32_2.0.0.202105311346/tools/bin/../lib/gcc/arm-none-eabi/9.3.1/thumb/v7-m/nofp/crtend.o
LOAD d:/progfiles/stmicroelectronics/stm32cubeide_1.8.0/stm32cubeide/plugins/com.st.stm32cube.ide.mcu.externaltools.gnu-tools-for-stm32.9-2020-q2-update.win32_2.0.0.202105311346/tools/bin/../lib/gcc/arm-none-eabi/9.3.1/thumb/v7-m/nofp/crtn.o
                0x0000000020005000                _estack = (ORIGIN (RAM) + LENGTH (RAM))
                0x0000000000000200                _Min_Heap_Size = 0x200
                0x0000000000000400                _Min_Stack_Size = 0x400

.isr_vector     0x0000000008000000      0x10c
                0x0000000008000000                . = ALIGN (0x4)
 *(.isr_vector)
 .isr_vector    0x0000000008000000      0x10c ./Core/Startup/startup_stm32f103c8tx.o
                0x0000000008000000                g_pfnVectors
                0x000000000800010c                . = ALIGN (0x4)

.text           0x000000000800010c     0x5008
                0x000000000800010c                . = ALIGN (0x4)
 *(.text)
 .text          0x000000000800010c       0x40 d:/progfiles/stmicroelectronics/stm32cubeide_1.8.0/stm32cubeide/plugins/com.st.stm32cube.ide.mcu.externaltools.gnu-tools-for-stm32.9-2020-q2-update.win32_2.0.0.202105311346/tools/bin/../lib/gcc/arm-none-eabi/9.3.1/thumb/v7-m/nofp/crtbegin.o
 *(.text*)
 .text.main     0x000000000800014c       0x68 ./Core/Src/main.o
                0x000000000800014c                main
 .text.SystemClock_Config
                0x00000000080001b4       0xba ./Core/Src/main.o
                0x00000000080001b4                SystemClock_Config
 *fill*         0x000000000800026e        0x2 
 .text.MX_I2C1_Init
                0x0000000008000270       0x5c ./Core/Src/main.o
 .text.MX_RTC_Init
                0x00000000080002cc       0x94 ./Core/Src/main.o
 .text.MX_TIM2_Init
                0x0000000008000360       0xec ./Core/Src/main.o
 .text.MX_GPIO_Init
                0x000000000800044c      0x10c ./Core/Src/main.o
 .text.Error_Handler
                0x0000000008000558        0xa ./Core/Src/main.o
                0x0000000008000558                Error_Handler
 *fill*         0x0000000008000562        0x2 
 .text.HAL_MspInit
                0x0000000008000564       0x64 ./Core/Src/stm32f1xx_hal_msp.o
                0x0000000008000564                HAL_MspInit
 .text.HAL_I2C_MspInit
                0x00000000080005c8       0x7c ./Core/Src/stm32f1xx_hal_msp.o
                0x00000000080005c8                HAL_I2C_MspInit
 .text.HAL_RTC_MspInit
                0x0000000008000644       0x48 ./Core/Src/stm32f1xx_hal_msp.o
                0x0000000008000644                HAL_RTC_MspInit
 .text.HAL_TIM_Base_MspInit
                0x000000000800068c       0x38 ./Core/Src/stm32f1xx_hal_msp.o
                0x000000000800068c                HAL_TIM_Base_MspInit
 .text.HAL_TIM_MspPostInit
                0x00000000080006c4       0x60 ./Core/Src/stm32f1xx_hal_msp.o
                0x00000000080006c4                HAL_TIM_MspPostInit
 .text.NMI_Handler
                0x0000000008000724        0x6 ./Core/Src/stm32f1xx_it.o
                0x0000000008000724                NMI_Handler
 .text.HardFault_Handler
                0x000000000800072a        0x6 ./Core/Src/stm32f1xx_it.o
                0x000000000800072a                HardFault_Handler
 .text.MemManage_Handler
                0x0000000008000730        0x6 ./Core/Src/stm32f1xx_it.o
                0x0000000008000730                MemManage_Handler
 .text.BusFault_Handler
                0x0000000008000736        0x6 ./Core/Src/stm32f1xx_it.o
                0x0000000008000736                BusFault_Handler
 .text.UsageFault_Handler
                0x000000000800073c        0x6 ./Core/Src/stm32f1xx_it.o
                0x000000000800073c                UsageFault_Handler
 .text.SVC_Handler
                0x0000000008000742        0xc ./Core/Src/stm32f1xx_it.o
                0x0000000008000742                SVC_Handler
 .text.DebugMon_Handler
                0x000000000800074e        0xc ./Core/Src/stm32f1xx_it.o
                0x000000000800074e                DebugMon_Handler
 .text.PendSV_Handler
                0x000000000800075a        0xc ./Core/Src/stm32f1xx_it.o
                0x000000000800075a                PendSV_Handler
 .text.SysTick_Handler
                0x0000000008000766        0xc ./Core/Src/stm32f1xx_it.o
                0x0000000008000766                SysTick_Handler
 .text.SystemInit
                0x0000000008000772        0xc ./Core/Src/system_stm32f1xx.o
                0x0000000008000772                SystemInit
 *fill*         0x000000000800077e        0x2 
 .text.Reset_Handler
                0x0000000008000780       0x48 ./Core/Startup/startup_stm32f103c8tx.o
                0x0000000008000780                Reset_Handler
 .text.Default_Handler
                0x00000000080007c8        0x2 ./Core/Startup/startup_stm32f103c8tx.o
                0x00000000080007c8                DMA1_Channel4_IRQHandler
                0x00000000080007c8                EXTI1_IRQHandler
                0x00000000080007c8                SPI2_IRQHandler
                0x00000000080007c8                EXTI9_5_IRQHandler
                0x00000000080007c8                SPI1_IRQHandler
                0x00000000080007c8                PVD_IRQHandler
                0x00000000080007c8                USBWakeUp_IRQHandler
                0x00000000080007c8                WWDG_IRQHandler
                0x00000000080007c8                ADC1_2_IRQHandler
                0x00000000080007c8                DMA1_Channel5_IRQHandler
                0x00000000080007c8                RCC_IRQHandler
                0x00000000080007c8                I2C1_ER_IRQHandler
                0x00000000080007c8                RTC_IRQHandler
                0x00000000080007c8                DMA1_Channel6_IRQHandler
                0x00000000080007c8                TIM1_UP_IRQHandler
                0x00000000080007c8                DMA1_Channel2_IRQHandler
                0x00000000080007c8                I2C2_EV_IRQHandler
                0x00000000080007c8                TIM3_IRQHandler
                0x00000000080007c8                DMA1_Channel7_IRQHandler
                0x00000000080007c8                USB_LP_CAN1_RX0_IRQHandler
                0x00000000080007c8                USART2_IRQHandler
                0x00000000080007c8                FLASH_IRQHandler
                0x00000000080007c8                EXTI15_10_IRQHandler
                0x00000000080007c8                TIM1_BRK_IRQHandler
                0x00000000080007c8                USART1_IRQHandler
                0x00000000080007c8                TAMPER_IRQHandler
                0x00000000080007c8                TIM2_IRQHandler
                0x00000000080007c8                CAN1_SCE_IRQHandler
                0x00000000080007c8                Default_Handler
                0x00000000080007c8                EXTI2_IRQHandler
                0x00000000080007c8                DMA1_Channel3_IRQHandler
                0x00000000080007c8                TIM4_IRQHandler
                0x00000000080007c8                USART3_IRQHandler
                0x00000000080007c8                EXTI3_IRQHandler
                0x00000000080007c8                I2C2_ER_IRQHandler
                0x00000000080007c8                TIM1_TRG_COM_IRQHandler
                0x00000000080007c8                I2C1_EV_IRQHandler
                0x00000000080007c8                TIM1_CC_IRQHandler
                0x00000000080007c8                DMA1_Channel1_IRQHandler
                0x00000000080007c8                EXTI0_IRQHandler
                0x00000000080007c8                RTC_Alarm_IRQHandler
                0x00000000080007c8                EXTI4_IRQHandler
                0x00000000080007c8                CAN1_RX1_IRQHandler
                0x00000000080007c8                USB_HP_CAN1_TX_IRQHandler
 *fill*         0x00000000080007ca        0x2 
 .text.HAL_Init
                0x00000000080007cc       0x2c ./Drivers/STM32F1xx_HAL_Driver/Src/stm32f1xx_hal.o
                0x00000000080007cc                HAL_Init
 .text.HAL_InitTick
                0x00000000080007f8       0x60 ./Drivers/STM32F1xx_HAL_Driver/Src/stm32f1xx_hal.o
                0x00000000080007f8                HAL_InitTick
 .text.HAL_IncTick
                0x0000000008000858       0x24 ./Drivers/STM32F1xx_HAL_Driver/Src/stm32f1xx_hal.o
                0x0000000008000858                HAL_IncTick
 .text.HAL_GetTick
                0x000000000800087c       0x14 ./Drivers/STM32F1xx_HAL_Driver/Src/stm32f1xx_hal.o
                0x000000000800087c                HAL_GetTick
 .text.HAL_Delay
                0x0000000008000890       0x48 ./Drivers/STM32F1xx_HAL_Driver/Src/stm32f1xx_hal.o
                0x0000000008000890                HAL_Delay
 .text.__NVIC_SetPriorityGrouping
                0x00000000080008d8       0x48 ./Drivers/STM32F1xx_HAL_Driver/Src/stm32f1xx_hal_cortex.o
 .text.__NVIC_GetPriorityGrouping
                0x0000000008000920       0x1c ./Drivers/STM32F1xx_HAL_Driver/Src/stm32f1xx_hal_cortex.o
 .text.__NVIC_SetPriority
                0x000000000800093c       0x54 ./Drivers/STM32F1xx_HAL_Driver/Src/stm32f1xx_hal_cortex.o
 .text.NVIC_EncodePriority
                0x0000000008000990       0x64 ./Drivers/STM32F1xx_HAL_Driver/Src/stm32f1xx_hal_cortex.o
 .text.SysTick_Config
                0x00000000080009f4       0x44 ./Drivers/STM32F1xx_HAL_Driver/Src/stm32f1xx_hal_cortex.o
 .text.HAL_NVIC_SetPriorityGrouping
                0x0000000008000a38       0x16 ./Drivers/STM32F1xx_HAL_Driver/Src/stm32f1xx_hal_cortex.o
                0x0000000008000a38                HAL_NVIC_SetPriorityGrouping
 .text.HAL_NVIC_SetPriority
                0x0000000008000a4e       0x38 ./Drivers/STM32F1xx_HAL_Driver/Src/stm32f1xx_hal_cortex.o
                0x0000000008000a4e                HAL_NVIC_SetPriority
 .text.HAL_SYSTICK_Config
                0x0000000008000a86       0x18 ./Drivers/STM32F1xx_HAL_Driver/Src/stm32f1xx_hal_cortex.o
                0x0000000008000a86                HAL_SYSTICK_Config
 *fill*         0x0000000008000a9e        0x2 
 .text.HAL_GPIO_Init
                0x0000000008000aa0      0x308 ./Drivers/STM32F1xx_HAL_Driver/Src/stm32f1xx_hal_gpio.o
                0x0000000008000aa0                HAL_GPIO_Init
 .text.HAL_GPIO_WritePin
                0x0000000008000da8       0x30 ./Drivers/STM32F1xx_HAL_Driver/Src/stm32f1xx_hal_gpio.o
                0x0000000008000da8                HAL_GPIO_WritePin
 .text.HAL_I2C_Init
                0x0000000008000dd8      0x288 ./Drivers/STM32F1xx_HAL_Driver/Src/stm32f1xx_hal_i2c.o
                0x0000000008000dd8                HAL_I2C_Init
 .text.HAL_I2C_Master_Transmit
                0x0000000008001060      0x1fc ./Drivers/STM32F1xx_HAL_Driver/Src/stm32f1xx_hal_i2c.o
                0x0000000008001060                HAL_I2C_Master_Transmit
 .text.I2C_MasterRequestWrite
                0x000000000800125c      0x104 ./Drivers/STM32F1xx_HAL_Driver/Src/stm32f1xx_hal_i2c.o
 .text.I2C_WaitOnFlagUntilTimeout
                0x0000000008001360       0xae ./Drivers/STM32F1xx_HAL_Driver/Src/stm32f1xx_hal_i2c.o
 .text.I2C_WaitOnMasterAddressFlagUntilTimeout
                0x000000000800140e       0xfe ./Drivers/STM32F1xx_HAL_Driver/Src/stm32f1xx_hal_i2c.o
 .text.I2C_WaitOnTXEFlagUntilTimeout
                0x000000000800150c       0x82 ./Drivers/STM32F1xx_HAL_Driver/Src/stm32f1xx_hal_i2c.o
 .text.I2C_WaitOnBTFFlagUntilTimeout
                0x000000000800158e       0x82 ./Drivers/STM32F1xx_HAL_Driver/Src/stm32f1xx_hal_i2c.o
 .text.I2C_IsAcknowledgeFailed
                0x0000000008001610       0x5c ./Drivers/STM32F1xx_HAL_Driver/Src/stm32f1xx_hal_i2c.o
 .text.HAL_PWR_EnableBkUpAccess
                0x000000000800166c       0x18 ./Drivers/STM32F1xx_HAL_Driver/Src/stm32f1xx_hal_pwr.o
                0x000000000800166c                HAL_PWR_EnableBkUpAccess
 .text.HAL_RCC_OscConfig
                0x0000000008001684      0x500 ./Drivers/STM32F1xx_HAL_Driver/Src/stm32f1xx_hal_rcc.o
                0x0000000008001684                HAL_RCC_OscConfig
 .text.HAL_RCC_ClockConfig
                0x0000000008001b84      0x1d4 ./Drivers/STM32F1xx_HAL_Driver/Src/stm32f1xx_hal_rcc.o
                0x0000000008001b84                HAL_RCC_ClockConfig
 .text.HAL_RCC_GetSysClockFreq
                0x0000000008001d58       0xc0 ./Drivers/STM32F1xx_HAL_Driver/Src/stm32f1xx_hal_rcc.o
                0x0000000008001d58                HAL_RCC_GetSysClockFreq
 .text.HAL_RCC_GetHCLKFreq
                0x0000000008001e18       0x14 ./Drivers/STM32F1xx_HAL_Driver/Src/stm32f1xx_hal_rcc.o
                0x0000000008001e18                HAL_RCC_GetHCLKFreq
 .text.HAL_RCC_GetPCLK1Freq
                0x0000000008001e2c       0x28 ./Drivers/STM32F1xx_HAL_Driver/Src/stm32f1xx_hal_rcc.o
                0x0000000008001e2c                HAL_RCC_GetPCLK1Freq
 .text.HAL_RCC_GetPCLK2Freq
                0x0000000008001e54       0x28 ./Drivers/STM32F1xx_HAL_Driver/Src/stm32f1xx_hal_rcc.o
                0x0000000008001e54                HAL_RCC_GetPCLK2Freq
 .text.RCC_Delay
                0x0000000008001e7c       0x3c ./Drivers/STM32F1xx_HAL_Driver/Src/stm32f1xx_hal_rcc.o
 .text.HAL_RCCEx_PeriphCLKConfig
                0x0000000008001eb8      0x16c ./Drivers/STM32F1xx_HAL_Driver/Src/stm32f1xx_hal_rcc_ex.o
                0x0000000008001eb8                HAL_RCCEx_PeriphCLKConfig
 .text.HAL_RCCEx_GetPeriphCLKFreq
                0x0000000008002024      0x188 ./Drivers/STM32F1xx_HAL_Driver/Src/stm32f1xx_hal_rcc_ex.o
                0x0000000008002024                HAL_RCCEx_GetPeriphCLKFreq
 .text.HAL_RTC_Init
                0x00000000080021ac      0x12c ./Drivers/STM32F1xx_HAL_Driver/Src/stm32f1xx_hal_rtc.o
                0x00000000080021ac                HAL_RTC_Init
 .text.HAL_RTC_SetTime
                0x00000000080022d8      0x12e ./Drivers/STM32F1xx_HAL_Driver/Src/stm32f1xx_hal_rtc.o
                0x00000000080022d8                HAL_RTC_SetTime
 *fill*         0x0000000008002406        0x2 
 .text.HAL_RTC_SetDate
                0x0000000008002408      0x16c ./Drivers/STM32F1xx_HAL_Driver/Src/stm32f1xx_hal_rtc.o
                0x0000000008002408                HAL_RTC_SetDate
 .text.HAL_RTC_WaitForSynchro
                0x0000000008002574       0x5a ./Drivers/STM32F1xx_HAL_Driver/Src/stm32f1xx_hal_rtc.o
                0x0000000008002574                HAL_RTC_WaitForSynchro
 .text.RTC_ReadTimeCounter
                0x00000000080025ce       0x60 ./Drivers/STM32F1xx_HAL_Driver/Src/stm32f1xx_hal_rtc.o
 .text.RTC_WriteTimeCounter
                0x000000000800262e       0x4e ./Drivers/STM32F1xx_HAL_Driver/Src/stm32f1xx_hal_rtc.o
 .text.RTC_ReadAlarmCounter
                0x000000000800267c       0x32 ./Drivers/STM32F1xx_HAL_Driver/Src/stm32f1xx_hal_rtc.o
 .text.RTC_WriteAlarmCounter
                0x00000000080026ae       0x4e ./Drivers/STM32F1xx_HAL_Driver/Src/stm32f1xx_hal_rtc.o
 .text.RTC_EnterInitMode
                0x00000000080026fc       0x50 ./Drivers/STM32F1xx_HAL_Driver/Src/stm32f1xx_hal_rtc.o
 .text.RTC_ExitInitMode
                0x000000000800274c       0x50 ./Drivers/STM32F1xx_HAL_Driver/Src/stm32f1xx_hal_rtc.o
 .text.RTC_Bcd2ToByte
                0x000000000800279c       0x3a ./Drivers/STM32F1xx_HAL_Driver/Src/stm32f1xx_hal_rtc.o
 *fill*         0x00000000080027d6        0x2 
 .text.RTC_WeekDayNum
                0x00000000080027d8       0xf0 ./Drivers/STM32F1xx_HAL_Driver/Src/stm32f1xx_hal_rtc.o
 .text.HAL_TIM_Base_Init
                0x00000000080028c8       0x9e ./Drivers/STM32F1xx_HAL_Driver/Src/stm32f1xx_hal_tim.o
                0x00000000080028c8                HAL_TIM_Base_Init
 .text.HAL_TIM_PWM_Init
                0x0000000008002966       0x9e ./Drivers/STM32F1xx_HAL_Driver/Src/stm32f1xx_hal_tim.o
                0x0000000008002966                HAL_TIM_PWM_Init
 .text.HAL_TIM_PWM_MspInit
                0x0000000008002a04       0x12 ./Drivers/STM32F1xx_HAL_Driver/Src/stm32f1xx_hal_tim.o
                0x0000000008002a04                HAL_TIM_PWM_MspInit
 *fill*         0x0000000008002a16        0x2 
 .text.HAL_TIM_PWM_ConfigChannel
                0x0000000008002a18      0x17c ./Drivers/STM32F1xx_HAL_Driver/Src/stm32f1xx_hal_tim.o
                0x0000000008002a18                HAL_TIM_PWM_ConfigChannel
 .text.HAL_TIM_ConfigClockSource
                0x0000000008002b94      0x188 ./Drivers/STM32F1xx_HAL_Driver/Src/stm32f1xx_hal_tim.o
                0x0000000008002b94                HAL_TIM_ConfigClockSource
 .text.TIM_Base_SetConfig
                0x0000000008002d1c       0xc4 ./Drivers/STM32F1xx_HAL_Driver/Src/stm32f1xx_hal_tim.o
                0x0000000008002d1c                TIM_Base_SetConfig
 .text.TIM_OC1_SetConfig
                0x0000000008002de0       0xcc ./Drivers/STM32F1xx_HAL_Driver/Src/stm32f1xx_hal_tim.o
 .text.TIM_OC2_SetConfig
                0x0000000008002eac       0xd4 ./Drivers/STM32F1xx_HAL_Driver/Src/stm32f1xx_hal_tim.o
                0x0000000008002eac                TIM_OC2_SetConfig
 .text.TIM_OC3_SetConfig
                0x0000000008002f80       0xd4 ./Drivers/STM32F1xx_HAL_Driver/Src/stm32f1xx_hal_tim.o
 .text.TIM_OC4_SetConfig
                0x0000000008003054       0x9c ./Drivers/STM32F1xx_HAL_Driver/Src/stm32f1xx_hal_tim.o
 .text.TIM_TI1_ConfigInputStage
                0x00000000080030f0       0x5c ./Drivers/STM32F1xx_HAL_Driver/Src/stm32f1xx_hal_tim.o
 .text.TIM_TI2_ConfigInputStage
                0x000000000800314c       0x5e ./Drivers/STM32F1xx_HAL_Driver/Src/stm32f1xx_hal_tim.o
 .text.TIM_ITRx_SetConfig
                0x00000000080031aa       0x34 ./Drivers/STM32F1xx_HAL_Driver/Src/stm32f1xx_hal_tim.o
 .text.TIM_ETR_SetConfig
                0x00000000080031de       0x3e ./Drivers/STM32F1xx_HAL_Driver/Src/stm32f1xx_hal_tim.o
                0x00000000080031de                TIM_ETR_SetConfig
 .text.HAL_TIMEx_MasterConfigSynchronization
                0x000000000800321c       0xbc ./Drivers/STM32F1xx_HAL_Driver/Src/stm32f1xx_hal_tim_ex.o
                0x000000000800321c                HAL_TIMEx_MasterConfigSynchronization
 .text.u8x8_byte_stm32f1xx_hw_i2c
                0x00000000080032d8       0xcc ./Hardware/oled.o
                0x00000000080032d8                u8x8_byte_stm32f1xx_hw_i2c
 .text.delay_us
                0x00000000080033a4       0x2c ./Hardware/oled.o
                0x00000000080033a4                delay_us
 .text.u8x8_gpio_and_delay
                0x00000000080033d0      0x13c ./Hardware/oled.o
                0x00000000080033d0                u8x8_gpio_and_delay
 .text.u8g2Init
                0x000000000800350c       0x30 ./Hardware/oled.o
                0x000000000800350c                u8g2Init
 .text.u8g2_ClearBuffer
                0x000000000800353c       0x3c ./Lib/u8g2/u8g2_buffer.o
                0x000000000800353c                u8g2_ClearBuffer
 .text.u8g2_send_tile_row
                0x0000000008003578       0x56 ./Lib/u8g2/u8g2_buffer.o
 .text.u8g2_send_buffer
                0x00000000080035ce       0x54 ./Lib/u8g2/u8g2_buffer.o
 .text.u8g2_SendBuffer
                0x0000000008003622       0x1c ./Lib/u8g2/u8g2_buffer.o
                0x0000000008003622                u8g2_SendBuffer
 *fill*         0x000000000800363e        0x2 
 .text.u8g2_m_16_8_f
                0x0000000008003640       0x20 ./Lib/u8g2/u8g2_d_memory.o
                0x0000000008003640                u8g2_m_16_8_f
 .text.u8g2_Setup_ssd1306_i2c_128x64_noname_f
                0x0000000008003660       0x50 ./Lib/u8g2/u8g2_d_setup.o
                0x0000000008003660                u8g2_Setup_ssd1306_i2c_128x64_noname_f
 .text.u8g2_font_get_byte
                0x00000000080036b0       0x22 ./Lib/u8g2/u8g2_font.o
 .text.u8g2_font_get_word
                0x00000000080036d2       0x3e ./Lib/u8g2/u8g2_font.o
 .text.u8g2_read_font_info
                0x0000000008003710      0x152 ./Lib/u8g2/u8g2_font.o
                0x0000000008003710                u8g2_read_font_info
 .text.u8g2_font_decode_get_unsigned_bits
                0x0000000008003862       0x94 ./Lib/u8g2/u8g2_font.o
                0x0000000008003862                u8g2_font_decode_get_unsigned_bits
 .text.u8g2_font_decode_get_signed_bits
                0x00000000080038f6       0x46 ./Lib/u8g2/u8g2_font.o
                0x00000000080038f6                u8g2_font_decode_get_signed_bits
 .text.u8g2_add_vector_y
                0x000000000800393c       0x76 ./Lib/u8g2/u8g2_font.o
                0x000000000800393c                u8g2_add_vector_y
 .text.u8g2_add_vector_x
                0x00000000080039b2       0x76 ./Lib/u8g2/u8g2_font.o
                0x00000000080039b2                u8g2_add_vector_x
 .text.u8g2_font_decode_len
                0x0000000008003a28      0x110 ./Lib/u8g2/u8g2_font.o
                0x0000000008003a28                u8g2_font_decode_len
 .text.u8g2_font_setup_decode
                0x0000000008003b38       0x6e ./Lib/u8g2/u8g2_font.o
 *fill*         0x0000000008003ba6        0x2 
 .text.u8g2_font_decode_glyph
                0x0000000008003ba8      0x21c ./Lib/u8g2/u8g2_font.o
                0x0000000008003ba8                u8g2_font_decode_glyph
 .text.u8g2_font_get_glyph_data
                0x0000000008003dc4      0x100 ./Lib/u8g2/u8g2_font.o
                0x0000000008003dc4                u8g2_font_get_glyph_data
 .text.u8g2_font_draw_glyph
                0x0000000008003ec4       0x56 ./Lib/u8g2/u8g2_font.o
 *fill*         0x0000000008003f1a        0x2 
 .text.u8g2_DrawGlyph
                0x0000000008003f1c       0xa4 ./Lib/u8g2/u8g2_font.o
                0x0000000008003f1c                u8g2_DrawGlyph
 .text.u8g2_draw_string
                0x0000000008003fc0       0xb8 ./Lib/u8g2/u8g2_font.o
 .text.u8g2_DrawUTF8
                0x0000000008004078       0x34 ./Lib/u8g2/u8g2_font.o
                0x0000000008004078                u8g2_DrawUTF8
 .text.u8g2_UpdateRefHeight
                0x00000000080040ac       0xd6 ./Lib/u8g2/u8g2_font.o
                0x00000000080040ac                u8g2_UpdateRefHeight
 .text.u8g2_font_calc_vref_font
                0x0000000008004182       0x14 ./Lib/u8g2/u8g2_font.o
                0x0000000008004182                u8g2_font_calc_vref_font
 *fill*         0x0000000008004196        0x2 
 .text.u8g2_SetFontPosBaseline
                0x0000000008004198       0x1c ./Lib/u8g2/u8g2_font.o
                0x0000000008004198                u8g2_SetFontPosBaseline
 .text.u8g2_SetFont
                0x00000000080041b4       0x34 ./Lib/u8g2/u8g2_font.o
                0x00000000080041b4                u8g2_SetFont
 .text.u8g2_clip_intersection2
                0x00000000080041e8       0x9a ./Lib/u8g2/u8g2_hvline.o
 .text.u8g2_draw_hv_line_2dir
                0x0000000008004282       0x42 ./Lib/u8g2/u8g2_hvline.o
                0x0000000008004282                u8g2_draw_hv_line_2dir
 .text.u8g2_DrawHVLine
                0x00000000080042c4      0x116 ./Lib/u8g2/u8g2_hvline.o
                0x00000000080042c4                u8g2_DrawHVLine
 .text.u8g2_is_intersection_decision_tree
                0x00000000080043da       0x66 ./Lib/u8g2/u8g2_intersection.o
                0x00000000080043da                u8g2_is_intersection_decision_tree
 .text.u8g2_IsIntersection
                0x0000000008004440       0x56 ./Lib/u8g2/u8g2_intersection.o
                0x0000000008004440                u8g2_IsIntersection
 .text.u8g2_ll_hvline_vertical_top_lsb
                0x0000000008004496      0x13e ./Lib/u8g2/u8g2_ll_hvline.o
                0x0000000008004496                u8g2_ll_hvline_vertical_top_lsb
 .text.u8g2_SetMaxClipWindow
                0x00000000080045d4       0x3e ./Lib/u8g2/u8g2_setup.o
                0x00000000080045d4                u8g2_SetMaxClipWindow
 .text.u8g2_SetupBuffer
                0x0000000008004612       0x7e ./Lib/u8g2/u8g2_setup.o
                0x0000000008004612                u8g2_SetupBuffer
 .text.u8g2_update_dimension_common
                0x0000000008004690       0xc0 ./Lib/u8g2/u8g2_setup.o
 .text.u8g2_apply_clip_window
                0x0000000008004750       0xba ./Lib/u8g2/u8g2_setup.o
 .text.u8g2_update_dimension_r0
                0x000000000800480a       0x16 ./Lib/u8g2/u8g2_setup.o
                0x000000000800480a                u8g2_update_dimension_r0
 .text.u8g2_update_page_win_r0
                0x0000000008004820       0x42 ./Lib/u8g2/u8g2_setup.o
                0x0000000008004820                u8g2_update_page_win_r0
 .text.u8g2_draw_l90_r0
                0x0000000008004862       0x34 ./Lib/u8g2/u8g2_setup.o
                0x0000000008004862                u8g2_draw_l90_r0
 .text.u8x8_utf8_init
                0x0000000008004896       0x1a ./Lib/u8g2/u8x8_8x8.o
                0x0000000008004896                u8x8_utf8_init
 .text.u8x8_utf8_next
                0x00000000080048b0      0x106 ./Lib/u8g2/u8x8_8x8.o
                0x00000000080048b0                u8x8_utf8_next
 .text.u8x8_byte_SendBytes
                0x00000000080049b6       0x26 ./Lib/u8g2/u8x8_byte.o
                0x00000000080049b6                u8x8_byte_SendBytes
 .text.u8x8_byte_SendByte
                0x00000000080049dc       0x22 ./Lib/u8g2/u8x8_byte.o
                0x00000000080049dc                u8x8_byte_SendByte
 .text.u8x8_byte_StartTransfer
                0x00000000080049fe       0x20 ./Lib/u8g2/u8x8_byte.o
                0x00000000080049fe                u8x8_byte_StartTransfer
 .text.u8x8_byte_EndTransfer
                0x0000000008004a1e       0x20 ./Lib/u8g2/u8x8_byte.o
                0x0000000008004a1e                u8x8_byte_EndTransfer
 .text.u8x8_cad_SendCmd
                0x0000000008004a3e       0x24 ./Lib/u8g2/u8x8_cad.o
                0x0000000008004a3e                u8x8_cad_SendCmd
 .text.u8x8_cad_SendArg
                0x0000000008004a62       0x24 ./Lib/u8g2/u8x8_cad.o
                0x0000000008004a62                u8x8_cad_SendArg
 .text.u8x8_cad_SendData
                0x0000000008004a86       0x26 ./Lib/u8g2/u8x8_cad.o
                0x0000000008004a86                u8x8_cad_SendData
 .text.u8x8_cad_StartTransfer
                0x0000000008004aac       0x20 ./Lib/u8g2/u8x8_cad.o
                0x0000000008004aac                u8x8_cad_StartTransfer
 .text.u8x8_cad_EndTransfer
                0x0000000008004acc       0x20 ./Lib/u8g2/u8x8_cad.o
                0x0000000008004acc                u8x8_cad_EndTransfer
 .text.u8x8_cad_SendSequence
                0x0000000008004aec       0xa4 ./Lib/u8g2/u8x8_cad.o
                0x0000000008004aec                u8x8_cad_SendSequence
 .text.u8x8_i2c_data_transfer
                0x0000000008004b90       0x38 ./Lib/u8g2/u8x8_cad.o
 .text.u8x8_cad_ssd13xx_fast_i2c
                0x0000000008004bc8      0x10c ./Lib/u8g2/u8x8_cad.o
                0x0000000008004bc8                u8x8_cad_ssd13xx_fast_i2c
 .text.u8x8_d_ssd1306_sh1106_generic
                0x0000000008004cd4      0x150 ./Lib/u8g2/u8x8_d_ssd1306_128x64_noname.o
 .text.u8x8_d_ssd1306_128x64_noname
                0x0000000008004e24       0x64 ./Lib/u8g2/u8x8_d_ssd1306_128x64_noname.o
                0x0000000008004e24                u8x8_d_ssd1306_128x64_noname
 .text.u8x8_d_helper_display_setup_memory
                0x0000000008004e88       0x26 ./Lib/u8g2/u8x8_display.o
                0x0000000008004e88                u8x8_d_helper_display_setup_memory
 .text.u8x8_d_helper_display_init
                0x0000000008004eae       0x7a ./Lib/u8g2/u8x8_display.o
                0x0000000008004eae                u8x8_d_helper_display_init
 .text.u8x8_DrawTile
                0x0000000008004f28       0x44 ./Lib/u8g2/u8x8_display.o
                0x0000000008004f28                u8x8_DrawTile
 .text.u8x8_SetupMemory
                0x0000000008004f6c       0x1e ./Lib/u8g2/u8x8_display.o
                0x0000000008004f6c                u8x8_SetupMemory
 .text.u8x8_InitDisplay
                0x0000000008004f8a       0x1e ./Lib/u8g2/u8x8_display.o
                0x0000000008004f8a                u8x8_InitDisplay
 .text.u8x8_RefreshDisplay
                0x0000000008004fa8       0x1e ./Lib/u8g2/u8x8_display.o
                0x0000000008004fa8                u8x8_RefreshDisplay
 .text.u8x8_gpio_call
                0x0000000008004fc6       0x26 ./Lib/u8g2/u8x8_gpio.o
                0x0000000008004fc6                u8x8_gpio_call
 .text.u8x8_dummy_cb
                0x0000000008004fec       0x1e ./Lib/u8g2/u8x8_setup.o
                0x0000000008004fec                u8x8_dummy_cb
 *fill*         0x000000000800500a        0x2 
 .text.u8x8_SetupDefaults
                0x000000000800500c       0x5c ./Lib/u8g2/u8x8_setup.o
                0x000000000800500c                u8x8_SetupDefaults
 .text.u8x8_Setup
                0x0000000008005068       0x3a ./Lib/u8g2/u8x8_setup.o
                0x0000000008005068                u8x8_Setup
 *fill*         0x00000000080050a2        0x2 
 .text.__libc_init_array
                0x00000000080050a4       0x48 d:/progfiles/stmicroelectronics/stm32cubeide_1.8.0/stm32cubeide/plugins/com.st.stm32cube.ide.mcu.externaltools.gnu-tools-for-stm32.9-2020-q2-update.win32_2.0.0.202105311346/tools/bin/../lib/gcc/arm-none-eabi/9.3.1/../../../../arm-none-eabi/lib/thumb/v7-m/nofp\libc_nano.a(lib_a-init.o)
                0x00000000080050a4                __libc_init_array
 .text.memset   0x00000000080050ec       0x10 d:/progfiles/stmicroelectronics/stm32cubeide_1.8.0/stm32cubeide/plugins/com.st.stm32cube.ide.mcu.externaltools.gnu-tools-for-stm32.9-2020-q2-update.win32_2.0.0.202105311346/tools/bin/../lib/gcc/arm-none-eabi/9.3.1/../../../../arm-none-eabi/lib/thumb/v7-m/nofp\libc_nano.a(lib_a-memset.o)
                0x00000000080050ec                memset
 *(.glue_7)
 .glue_7        0x00000000080050fc        0x0 linker stubs
 *(.glue_7t)
 .glue_7t       0x00000000080050fc        0x0 linker stubs
 *(.eh_frame)
 .eh_frame      0x00000000080050fc        0x0 d:/progfiles/stmicroelectronics/stm32cubeide_1.8.0/stm32cubeide/plugins/com.st.stm32cube.ide.mcu.externaltools.gnu-tools-for-stm32.9-2020-q2-update.win32_2.0.0.202105311346/tools/bin/../lib/gcc/arm-none-eabi/9.3.1/thumb/v7-m/nofp/crtbegin.o
 *(.init)
 .init          0x00000000080050fc        0x4 d:/progfiles/stmicroelectronics/stm32cubeide_1.8.0/stm32cubeide/plugins/com.st.stm32cube.ide.mcu.externaltools.gnu-tools-for-stm32.9-2020-q2-update.win32_2.0.0.202105311346/tools/bin/../lib/gcc/arm-none-eabi/9.3.1/thumb/v7-m/nofp/crti.o
                0x00000000080050fc                _init
 .init          0x0000000008005100        0x8 d:/progfiles/stmicroelectronics/stm32cubeide_1.8.0/stm32cubeide/plugins/com.st.stm32cube.ide.mcu.externaltools.gnu-tools-for-stm32.9-2020-q2-update.win32_2.0.0.202105311346/tools/bin/../lib/gcc/arm-none-eabi/9.3.1/thumb/v7-m/nofp/crtn.o
 *(.fini)
 .fini          0x0000000008005108        0x4 d:/progfiles/stmicroelectronics/stm32cubeide_1.8.0/stm32cubeide/plugins/com.st.stm32cube.ide.mcu.externaltools.gnu-tools-for-stm32.9-2020-q2-update.win32_2.0.0.202105311346/tools/bin/../lib/gcc/arm-none-eabi/9.3.1/thumb/v7-m/nofp/crti.o
                0x0000000008005108                _fini
 .fini          0x000000000800510c        0x8 d:/progfiles/stmicroelectronics/stm32cubeide_1.8.0/stm32cubeide/plugins/com.st.stm32cube.ide.mcu.externaltools.gnu-tools-for-stm32.9-2020-q2-update.win32_2.0.0.202105311346/tools/bin/../lib/gcc/arm-none-eabi/9.3.1/thumb/v7-m/nofp/crtn.o
                0x0000000008005114                . = ALIGN (0x4)
                0x0000000008005114                _etext = .

.vfp11_veneer   0x0000000008005114        0x0
 .vfp11_veneer  0x0000000008005114        0x0 linker stubs

.v4_bx          0x0000000008005114        0x0
 .v4_bx         0x0000000008005114        0x0 linker stubs

.iplt           0x0000000008005114        0x0
 .iplt          0x0000000008005114        0x0 d:/progfiles/stmicroelectronics/stm32cubeide_1.8.0/stm32cubeide/plugins/com.st.stm32cube.ide.mcu.externaltools.gnu-tools-for-stm32.9-2020-q2-update.win32_2.0.0.202105311346/tools/bin/../lib/gcc/arm-none-eabi/9.3.1/thumb/v7-m/nofp/crtbegin.o

.rodata         0x0000000008005114     0x4fc4
                0x0000000008005114                . = ALIGN (0x4)
 *(.rodata)
 .rodata        0x0000000008005114        0xb ./Core/Src/main.o
 *fill*         0x000000000800511f        0x1 
 .rodata        0x0000000008005120       0x10 ./Drivers/STM32F1xx_HAL_Driver/Src/stm32f1xx_hal_rcc.o
 .rodata        0x0000000008005130       0x10 ./Drivers/STM32F1xx_HAL_Driver/Src/stm32f1xx_hal_rcc_ex.o
 *(.rodata*)
 .rodata.AHBPrescTable
                0x0000000008005140       0x10 ./Core/Src/system_stm32f1xx.o
                0x0000000008005140                AHBPrescTable
 .rodata.APBPrescTable
                0x0000000008005150        0x8 ./Core/Src/system_stm32f1xx.o
                0x0000000008005150                APBPrescTable
 .rodata.u8g2_font_unifont_t_chinese2
                0x0000000008005158     0x4f01 ./Lib/u8g2/u8g2_fonts.o
                0x0000000008005158                u8g2_font_unifont_t_chinese2
 *fill*         0x000000000800a059        0x3 
 .rodata.u8g2_cb_r0
                0x000000000800a05c        0xc ./Lib/u8g2/u8g2_setup.o
                0x000000000800a05c                u8g2_cb_r0
 .rodata.u8x8_d_ssd1306_128x64_noname_init_seq
                0x000000000800a068       0x35 ./Lib/u8g2/u8x8_d_ssd1306_128x64_noname.o
 *fill*         0x000000000800a09d        0x3 
 .rodata.u8x8_d_ssd1306_128x64_noname_powersave0_seq
                0x000000000800a0a0        0x5 ./Lib/u8g2/u8x8_d_ssd1306_128x64_noname.o
 *fill*         0x000000000800a0a5        0x3 
 .rodata.u8x8_d_ssd1306_128x64_noname_powersave1_seq
                0x000000000800a0a8        0x5 ./Lib/u8g2/u8x8_d_ssd1306_128x64_noname.o
 *fill*         0x000000000800a0ad        0x3 
 .rodata.u8x8_d_ssd1306_128x64_noname_flip0_seq
                0x000000000800a0b0        0x7 ./Lib/u8g2/u8x8_d_ssd1306_128x64_noname.o
 *fill*         0x000000000800a0b7        0x1 
 .rodata.u8x8_d_ssd1306_128x64_noname_flip1_seq
                0x000000000800a0b8        0x7 ./Lib/u8g2/u8x8_d_ssd1306_128x64_noname.o
 *fill*         0x000000000800a0bf        0x1 
 .rodata.u8x8_ssd1306_128x64_noname_display_info
                0x000000000800a0c0       0x18 ./Lib/u8g2/u8x8_d_ssd1306_128x64_noname.o
                0x000000000800a0d8                . = ALIGN (0x4)

.rel.dyn        0x000000000800a0d8        0x0
 .rel.iplt      0x000000000800a0d8        0x0 d:/progfiles/stmicroelectronics/stm32cubeide_1.8.0/stm32cubeide/plugins/com.st.stm32cube.ide.mcu.externaltools.gnu-tools-for-stm32.9-2020-q2-update.win32_2.0.0.202105311346/tools/bin/../lib/gcc/arm-none-eabi/9.3.1/thumb/v7-m/nofp/crtbegin.o

.ARM.extab      0x000000000800a0d8        0x0
                0x000000000800a0d8                . = ALIGN (0x4)
 *(.ARM.extab* .gnu.linkonce.armextab.*)
                0x000000000800a0d8                . = ALIGN (0x4)

.ARM            0x000000000800a0d8        0x0
                0x000000000800a0d8                . = ALIGN (0x4)
                0x000000000800a0d8                __exidx_start = .
 *(.ARM.exidx*)
                0x000000000800a0d8                __exidx_end = .
                0x000000000800a0d8                . = ALIGN (0x4)

.preinit_array  0x000000000800a0d8        0x0
                0x000000000800a0d8                . = ALIGN (0x4)
                0x000000000800a0d8                PROVIDE (__preinit_array_start = .)
 *(.preinit_array*)
                0x000000000800a0d8                PROVIDE (__preinit_array_end = .)
                0x000000000800a0d8                . = ALIGN (0x4)

.init_array     0x000000000800a0d8        0x4
                0x000000000800a0d8                . = ALIGN (0x4)
                0x000000000800a0d8                PROVIDE (__init_array_start = .)
 *(SORT_BY_NAME(.init_array.*))
 *(.init_array*)
 .init_array    0x000000000800a0d8        0x4 d:/progfiles/stmicroelectronics/stm32cubeide_1.8.0/stm32cubeide/plugins/com.st.stm32cube.ide.mcu.externaltools.gnu-tools-for-stm32.9-2020-q2-update.win32_2.0.0.202105311346/tools/bin/../lib/gcc/arm-none-eabi/9.3.1/thumb/v7-m/nofp/crtbegin.o
                0x000000000800a0dc                PROVIDE (__init_array_end = .)
                0x000000000800a0dc                . = ALIGN (0x4)

.fini_array     0x000000000800a0dc        0x4
                0x000000000800a0dc                . = ALIGN (0x4)
                [!provide]                        PROVIDE (__fini_array_start = .)
 *(SORT_BY_NAME(.fini_array.*))
 *(.fini_array*)
 .fini_array    0x000000000800a0dc        0x4 d:/progfiles/stmicroelectronics/stm32cubeide_1.8.0/stm32cubeide/plugins/com.st.stm32cube.ide.mcu.externaltools.gnu-tools-for-stm32.9-2020-q2-update.win32_2.0.0.202105311346/tools/bin/../lib/gcc/arm-none-eabi/9.3.1/thumb/v7-m/nofp/crtbegin.o
                [!provide]                        PROVIDE (__fini_array_end = .)
                0x000000000800a0e0                . = ALIGN (0x4)
                0x000000000800a0e0                _sidata = LOADADDR (.data)

.data           0x0000000020000000        0xc load address 0x000000000800a0e0
                0x0000000020000000                . = ALIGN (0x4)
                0x0000000020000000                _sdata = .
 *(.data)
 *(.data*)
 .data.SystemCoreClock
                0x0000000020000000        0x4 ./Core/Src/system_stm32f1xx.o
                0x0000000020000000                SystemCoreClock
 .data.uwTickPrio
                0x0000000020000004        0x4 ./Drivers/STM32F1xx_HAL_Driver/Src/stm32f1xx_hal.o
                0x0000000020000004                uwTickPrio
 .data.uwTickFreq
                0x0000000020000008        0x1 ./Drivers/STM32F1xx_HAL_Driver/Src/stm32f1xx_hal.o
                0x0000000020000008                uwTickFreq
 *(.RamFunc)
 *(.RamFunc*)
                0x000000002000000c                . = ALIGN (0x4)
 *fill*         0x0000000020000009        0x3 
                0x000000002000000c                _edata = .

.igot.plt       0x000000002000000c        0x0 load address 0x000000000800a0ec
 .igot.plt      0x000000002000000c        0x0 d:/progfiles/stmicroelectronics/stm32cubeide_1.8.0/stm32cubeide/plugins/com.st.stm32cube.ide.mcu.externaltools.gnu-tools-for-stm32.9-2020-q2-update.win32_2.0.0.202105311346/tools/bin/../lib/gcc/arm-none-eabi/9.3.1/thumb/v7-m/nofp/crtbegin.o
                0x000000002000000c                . = ALIGN (0x4)

.bss            0x000000002000000c      0x558 load address 0x000000000800a0ec
                0x000000002000000c                _sbss = .
                0x000000002000000c                __bss_start__ = _sbss
 *(.bss)
 .bss           0x000000002000000c       0x1c d:/progfiles/stmicroelectronics/stm32cubeide_1.8.0/stm32cubeide/plugins/com.st.stm32cube.ide.mcu.externaltools.gnu-tools-for-stm32.9-2020-q2-update.win32_2.0.0.202105311346/tools/bin/../lib/gcc/arm-none-eabi/9.3.1/thumb/v7-m/nofp/crtbegin.o
 *(.bss*)
 .bss.buf_idx.14072
                0x0000000020000028        0x1 ./Hardware/oled.o
 *fill*         0x0000000020000029        0x3 
 .bss.buffer.14071
                0x000000002000002c       0x80 ./Hardware/oled.o
 .bss.buf.11942
                0x00000000200000ac      0x400 ./Lib/u8g2/u8g2_d_memory.o
 .bss.in_transfer.5871
                0x00000000200004ac        0x1 ./Lib/u8g2/u8x8_cad.o
 *(COMMON)
 *fill*         0x00000000200004ad        0x3 
 COMMON         0x00000000200004b0       0xb0 ./Core/Src/main.o
                0x00000000200004b0                hrtc
                0x00000000200004c4                hi2c1
                0x0000000020000518                htim2
 COMMON         0x0000000020000560        0x4 ./Drivers/STM32F1xx_HAL_Driver/Src/stm32f1xx_hal.o
                0x0000000020000560                uwTick
                0x0000000020000564                . = ALIGN (0x4)
                0x0000000020000564                _ebss = .
                0x0000000020000564                __bss_end__ = _ebss

._user_heap_stack
                0x0000000020000564      0x604 load address 0x000000000800a0ec
                0x0000000020000568                . = ALIGN (0x8)
 *fill*         0x0000000020000564        0x4 
                [!provide]                        PROVIDE (end = .)
                0x0000000020000568                PROVIDE (_end = .)
                0x0000000020000768                . = (. + _Min_Heap_Size)
 *fill*         0x0000000020000568      0x200 
                0x0000000020000b68                . = (. + _Min_Stack_Size)
 *fill*         0x0000000020000768      0x400 
                0x0000000020000b68                . = ALIGN (0x8)

/DISCARD/
 libc.a(*)
 libm.a(*)
 libgcc.a(*)

.ARM.attributes
                0x0000000000000000       0x29
 *(.ARM.attributes)
 .ARM.attributes
                0x0000000000000000       0x1d d:/progfiles/stmicroelectronics/stm32cubeide_1.8.0/stm32cubeide/plugins/com.st.stm32cube.ide.mcu.externaltools.gnu-tools-for-stm32.9-2020-q2-update.win32_2.0.0.202105311346/tools/bin/../lib/gcc/arm-none-eabi/9.3.1/thumb/v7-m/nofp/crti.o
 .ARM.attributes
                0x000000000000001d       0x2d d:/progfiles/stmicroelectronics/stm32cubeide_1.8.0/stm32cubeide/plugins/com.st.stm32cube.ide.mcu.externaltools.gnu-tools-for-stm32.9-2020-q2-update.win32_2.0.0.202105311346/tools/bin/../lib/gcc/arm-none-eabi/9.3.1/thumb/v7-m/nofp/crtbegin.o
 .ARM.attributes
                0x000000000000004a       0x2d ./Core/Src/main.o
 .ARM.attributes
                0x0000000000000077       0x2d ./Core/Src/stm32f1xx_hal_msp.o
 .ARM.attributes
                0x00000000000000a4       0x2d ./Core/Src/stm32f1xx_it.o
 .ARM.attributes
                0x00000000000000d1       0x2d ./Core/Src/system_stm32f1xx.o
 .ARM.attributes
                0x00000000000000fe       0x21 ./Core/Startup/startup_stm32f103c8tx.o
 .ARM.attributes
                0x000000000000011f       0x2d ./Drivers/STM32F1xx_HAL_Driver/Src/stm32f1xx_hal.o
 .ARM.attributes
                0x000000000000014c       0x2d ./Drivers/STM32F1xx_HAL_Driver/Src/stm32f1xx_hal_cortex.o
 .ARM.attributes
                0x0000000000000179       0x2d ./Drivers/STM32F1xx_HAL_Driver/Src/stm32f1xx_hal_gpio.o
 .ARM.attributes
                0x00000000000001a6       0x2d ./Drivers/STM32F1xx_HAL_Driver/Src/stm32f1xx_hal_i2c.o
 .ARM.attributes
                0x00000000000001d3       0x2d ./Drivers/STM32F1xx_HAL_Driver/Src/stm32f1xx_hal_pwr.o
 .ARM.attributes
                0x0000000000000200       0x2d ./Drivers/STM32F1xx_HAL_Driver/Src/stm32f1xx_hal_rcc.o
 .ARM.attributes
                0x000000000000022d       0x2d ./Drivers/STM32F1xx_HAL_Driver/Src/stm32f1xx_hal_rcc_ex.o
 .ARM.attributes
                0x000000000000025a       0x2d ./Drivers/STM32F1xx_HAL_Driver/Src/stm32f1xx_hal_rtc.o
 .ARM.attributes
                0x0000000000000287       0x2d ./Drivers/STM32F1xx_HAL_Driver/Src/stm32f1xx_hal_tim.o
 .ARM.attributes
                0x00000000000002b4       0x2d ./Drivers/STM32F1xx_HAL_Driver/Src/stm32f1xx_hal_tim_ex.o
 .ARM.attributes
                0x00000000000002e1       0x2d ./Hardware/oled.o
 .ARM.attributes
                0x000000000000030e       0x2d ./Lib/u8g2/u8g2_buffer.o
 .ARM.attributes
                0x000000000000033b       0x2d ./Lib/u8g2/u8g2_d_memory.o
 .ARM.attributes
                0x0000000000000368       0x2d ./Lib/u8g2/u8g2_d_setup.o
 .ARM.attributes
                0x0000000000000395       0x2d ./Lib/u8g2/u8g2_font.o
 .ARM.attributes
                0x00000000000003c2       0x33 ./Lib/u8g2/u8g2_fonts.o
 .ARM.attributes
                0x00000000000003f5       0x2d ./Lib/u8g2/u8g2_hvline.o
 .ARM.attributes
                0x0000000000000422       0x2d ./Lib/u8g2/u8g2_intersection.o
 .ARM.attributes
                0x000000000000044f       0x2d ./Lib/u8g2/u8g2_ll_hvline.o
 .ARM.attributes
                0x000000000000047c       0x2d ./Lib/u8g2/u8g2_setup.o
 .ARM.attributes
                0x00000000000004a9       0x2d ./Lib/u8g2/u8x8_8x8.o
 .ARM.attributes
                0x00000000000004d6       0x2d ./Lib/u8g2/u8x8_byte.o
 .ARM.attributes
                0x0000000000000503       0x2d ./Lib/u8g2/u8x8_cad.o
 .ARM.attributes
                0x0000000000000530       0x2d ./Lib/u8g2/u8x8_d_ssd1306_128x64_noname.o
 .ARM.attributes
                0x000000000000055d       0x2d ./Lib/u8g2/u8x8_display.o
 .ARM.attributes
                0x000000000000058a       0x2d ./Lib/u8g2/u8x8_gpio.o
 .ARM.attributes
                0x00000000000005b7       0x2d ./Lib/u8g2/u8x8_setup.o
 .ARM.attributes
                0x00000000000005e4       0x2d d:/progfiles/stmicroelectronics/stm32cubeide_1.8.0/stm32cubeide/plugins/com.st.stm32cube.ide.mcu.externaltools.gnu-tools-for-stm32.9-2020-q2-update.win32_2.0.0.202105311346/tools/bin/../lib/gcc/arm-none-eabi/9.3.1/../../../../arm-none-eabi/lib/thumb/v7-m/nofp\libc_nano.a(lib_a-init.o)
 .ARM.attributes
                0x0000000000000611       0x2d d:/progfiles/stmicroelectronics/stm32cubeide_1.8.0/stm32cubeide/plugins/com.st.stm32cube.ide.mcu.externaltools.gnu-tools-for-stm32.9-2020-q2-update.win32_2.0.0.202105311346/tools/bin/../lib/gcc/arm-none-eabi/9.3.1/../../../../arm-none-eabi/lib/thumb/v7-m/nofp\libc_nano.a(lib_a-memset.o)
 .ARM.attributes
                0x000000000000063e       0x1d d:/progfiles/stmicroelectronics/stm32cubeide_1.8.0/stm32cubeide/plugins/com.st.stm32cube.ide.mcu.externaltools.gnu-tools-for-stm32.9-2020-q2-update.win32_2.0.0.202105311346/tools/bin/../lib/gcc/arm-none-eabi/9.3.1/thumb/v7-m/nofp/crtn.o
OUTPUT(TomatoClock.elf elf32-littlearm)
LOAD linker stubs
LOAD d:/progfiles/stmicroelectronics/stm32cubeide_1.8.0/stm32cubeide/plugins/com.st.stm32cube.ide.mcu.externaltools.gnu-tools-for-stm32.9-2020-q2-update.win32_2.0.0.202105311346/tools/bin/../lib/gcc/arm-none-eabi/9.3.1/../../../../arm-none-eabi/lib/thumb/v7-m/nofp\libc.a
LOAD d:/progfiles/stmicroelectronics/stm32cubeide_1.8.0/stm32cubeide/plugins/com.st.stm32cube.ide.mcu.externaltools.gnu-tools-for-stm32.9-2020-q2-update.win32_2.0.0.202105311346/tools/bin/../lib/gcc/arm-none-eabi/9.3.1/../../../../arm-none-eabi/lib/thumb/v7-m/nofp\libm.a
LOAD d:/progfiles/stmicroelectronics/stm32cubeide_1.8.0/stm32cubeide/plugins/com.st.stm32cube.ide.mcu.externaltools.gnu-tools-for-stm32.9-2020-q2-update.win32_2.0.0.202105311346/tools/bin/../lib/gcc/arm-none-eabi/9.3.1/thumb/v7-m/nofp\libgcc.a

.debug_info     0x0000000000000000    0x7dfeb
 .debug_info    0x0000000000000000     0x7a41 ./Core/Src/main.o
 .debug_info    0x0000000000007a41      0xf8c ./Core/Src/stm32f1xx_hal_msp.o
 .debug_info    0x00000000000089cd      0x222 ./Core/Src/stm32f1xx_it.o
 .debug_info    0x0000000000008bef      0x2be ./Core/Src/system_stm32f1xx.o
 .debug_info    0x0000000000008ead       0x22 ./Core/Startup/startup_stm32f103c8tx.o
 .debug_info    0x0000000000008ecf      0x76a ./Drivers/STM32F1xx_HAL_Driver/Src/stm32f1xx_hal.o
 .debug_info    0x0000000000009639      0xbdc ./Drivers/STM32F1xx_HAL_Driver/Src/stm32f1xx_hal_cortex.o
 .debug_info    0x000000000000a215      0x701 ./Drivers/STM32F1xx_HAL_Driver/Src/stm32f1xx_hal_gpio.o
 .debug_info    0x000000000000a916     0x278e ./Drivers/STM32F1xx_HAL_Driver/Src/stm32f1xx_hal_i2c.o
 .debug_info    0x000000000000d0a4      0x730 ./Drivers/STM32F1xx_HAL_Driver/Src/stm32f1xx_hal_pwr.o
 .debug_info    0x000000000000d7d4      0x88e ./Drivers/STM32F1xx_HAL_Driver/Src/stm32f1xx_hal_rcc.o
 .debug_info    0x000000000000e062      0x480 ./Drivers/STM32F1xx_HAL_Driver/Src/stm32f1xx_hal_rcc_ex.o
 .debug_info    0x000000000000e4e2      0xdf9 ./Drivers/STM32F1xx_HAL_Driver/Src/stm32f1xx_hal_rtc.o
 .debug_info    0x000000000000f2db     0x2a45 ./Drivers/STM32F1xx_HAL_Driver/Src/stm32f1xx_hal_tim.o
 .debug_info    0x0000000000011d20     0x14d5 ./Drivers/STM32F1xx_HAL_Driver/Src/stm32f1xx_hal_tim_ex.o
 .debug_info    0x00000000000131f5     0x7093 ./Hardware/oled.o
 .debug_info    0x000000000001a288     0x7545 ./Lib/u8g2/u8g2_buffer.o
 .debug_info    0x00000000000217cd     0x9345 ./Lib/u8g2/u8g2_d_memory.o
 .debug_info    0x000000000002ab12    0x1c10f ./Lib/u8g2/u8g2_d_setup.o
 .debug_info    0x0000000000046c21     0x78ca ./Lib/u8g2/u8g2_font.o
 .debug_info    0x000000000004e4eb     0xd8e6 ./Lib/u8g2/u8g2_fonts.o
 .debug_info    0x000000000005bdd1     0x6b97 ./Lib/u8g2/u8g2_hvline.o
 .debug_info    0x0000000000062968     0x6a07 ./Lib/u8g2/u8g2_intersection.o
 .debug_info    0x000000000006936f     0x6ab3 ./Lib/u8g2/u8g2_ll_hvline.o
 .debug_info    0x000000000006fe22     0x78c7 ./Lib/u8g2/u8g2_setup.o
 .debug_info    0x00000000000776e9     0x130a ./Lib/u8g2/u8x8_8x8.o
 .debug_info    0x00000000000789f3     0x1188 ./Lib/u8g2/u8x8_byte.o
 .debug_info    0x0000000000079b7b     0x12c9 ./Lib/u8g2/u8x8_cad.o
 .debug_info    0x000000000007ae44      0xe2e ./Lib/u8g2/u8x8_d_ssd1306_128x64_noname.o
 .debug_info    0x000000000007bc72      0xd9d ./Lib/u8g2/u8x8_display.o
 .debug_info    0x000000000007ca0f      0xa6c ./Lib/u8g2/u8x8_gpio.o
 .debug_info    0x000000000007d47b      0xb70 ./Lib/u8g2/u8x8_setup.o

.debug_abbrev   0x0000000000000000     0x3af3
 .debug_abbrev  0x0000000000000000      0x290 ./Core/Src/main.o
 .debug_abbrev  0x0000000000000290      0x1db ./Core/Src/stm32f1xx_hal_msp.o
 .debug_abbrev  0x000000000000046b       0xd2 ./Core/Src/stm32f1xx_it.o
 .debug_abbrev  0x000000000000053d      0x14e ./Core/Src/system_stm32f1xx.o
 .debug_abbrev  0x000000000000068b       0x12 ./Core/Startup/startup_stm32f103c8tx.o
 .debug_abbrev  0x000000000000069d      0x1ed ./Drivers/STM32F1xx_HAL_Driver/Src/stm32f1xx_hal.o
 .debug_abbrev  0x000000000000088a      0x313 ./Drivers/STM32F1xx_HAL_Driver/Src/stm32f1xx_hal_cortex.o
 .debug_abbrev  0x0000000000000b9d      0x1e8 ./Drivers/STM32F1xx_HAL_Driver/Src/stm32f1xx_hal_gpio.o
 .debug_abbrev  0x0000000000000d85      0x288 ./Drivers/STM32F1xx_HAL_Driver/Src/stm32f1xx_hal_i2c.o
 .debug_abbrev  0x000000000000100d      0x213 ./Drivers/STM32F1xx_HAL_Driver/Src/stm32f1xx_hal_pwr.o
 .debug_abbrev  0x0000000000001220      0x273 ./Drivers/STM32F1xx_HAL_Driver/Src/stm32f1xx_hal_rcc.o
 .debug_abbrev  0x0000000000001493      0x193 ./Drivers/STM32F1xx_HAL_Driver/Src/stm32f1xx_hal_rcc_ex.o
 .debug_abbrev  0x0000000000001626      0x236 ./Drivers/STM32F1xx_HAL_Driver/Src/stm32f1xx_hal_rtc.o
 .debug_abbrev  0x000000000000185c      0x25e ./Drivers/STM32F1xx_HAL_Driver/Src/stm32f1xx_hal_tim.o
 .debug_abbrev  0x0000000000001aba      0x266 ./Drivers/STM32F1xx_HAL_Driver/Src/stm32f1xx_hal_tim_ex.o
 .debug_abbrev  0x0000000000001d20      0x1fa ./Hardware/oled.o
 .debug_abbrev  0x0000000000001f1a      0x21e ./Lib/u8g2/u8g2_buffer.o
 .debug_abbrev  0x0000000000002138      0x1a1 ./Lib/u8g2/u8g2_d_memory.o
 .debug_abbrev  0x00000000000022d9      0x1ab ./Lib/u8g2/u8g2_d_setup.o
 .debug_abbrev  0x0000000000002484      0x2c3 ./Lib/u8g2/u8g2_font.o
 .debug_abbrev  0x0000000000002747      0x11c ./Lib/u8g2/u8g2_fonts.o
 .debug_abbrev  0x0000000000002863      0x17a ./Lib/u8g2/u8g2_hvline.o
 .debug_abbrev  0x00000000000029dd      0x14f ./Lib/u8g2/u8g2_intersection.o
 .debug_abbrev  0x0000000000002b2c      0x16d ./Lib/u8g2/u8g2_ll_hvline.o
 .debug_abbrev  0x0000000000002c99      0x299 ./Lib/u8g2/u8g2_setup.o
 .debug_abbrev  0x0000000000002f32      0x246 ./Lib/u8g2/u8x8_8x8.o
 .debug_abbrev  0x0000000000003178      0x1fe ./Lib/u8g2/u8x8_byte.o
 .debug_abbrev  0x0000000000003376      0x1f9 ./Lib/u8g2/u8x8_cad.o
 .debug_abbrev  0x000000000000356f      0x193 ./Lib/u8g2/u8x8_d_ssd1306_128x64_noname.o
 .debug_abbrev  0x0000000000003702      0x17c ./Lib/u8g2/u8x8_display.o
 .debug_abbrev  0x000000000000387e      0x106 ./Lib/u8g2/u8x8_gpio.o
 .debug_abbrev  0x0000000000003984      0x16f ./Lib/u8g2/u8x8_setup.o

.debug_aranges  0x0000000000000000     0x3130
 .debug_aranges
                0x0000000000000000       0x50 ./Core/Src/main.o
 .debug_aranges
                0x0000000000000050       0x58 ./Core/Src/stm32f1xx_hal_msp.o
 .debug_aranges
                0x00000000000000a8       0x60 ./Core/Src/stm32f1xx_it.o
 .debug_aranges
                0x0000000000000108       0x28 ./Core/Src/system_stm32f1xx.o
 .debug_aranges
                0x0000000000000130       0x28 ./Core/Startup/startup_stm32f103c8tx.o
 .debug_aranges
                0x0000000000000158       0xe0 ./Drivers/STM32F1xx_HAL_Driver/Src/stm32f1xx_hal.o
 .debug_aranges
                0x0000000000000238      0x100 ./Drivers/STM32F1xx_HAL_Driver/Src/stm32f1xx_hal_cortex.o
 .debug_aranges
                0x0000000000000338       0x58 ./Drivers/STM32F1xx_HAL_Driver/Src/stm32f1xx_hal_gpio.o
 .debug_aranges
                0x0000000000000390      0x2a0 ./Drivers/STM32F1xx_HAL_Driver/Src/stm32f1xx_hal_i2c.o
 .debug_aranges
                0x0000000000000630       0xa8 ./Drivers/STM32F1xx_HAL_Driver/Src/stm32f1xx_hal_pwr.o
 .debug_aranges
                0x00000000000006d8       0x90 ./Drivers/STM32F1xx_HAL_Driver/Src/stm32f1xx_hal_rcc.o
 .debug_aranges
                0x0000000000000768       0x30 ./Drivers/STM32F1xx_HAL_Driver/Src/stm32f1xx_hal_rcc_ex.o
 .debug_aranges
                0x0000000000000798       0xf8 ./Drivers/STM32F1xx_HAL_Driver/Src/stm32f1xx_hal_rtc.o
 .debug_aranges
                0x0000000000000890      0x3d0 ./Drivers/STM32F1xx_HAL_Driver/Src/stm32f1xx_hal_tim.o
 .debug_aranges
                0x0000000000000c60      0x168 ./Drivers/STM32F1xx_HAL_Driver/Src/stm32f1xx_hal_tim_ex.o
 .debug_aranges
                0x0000000000000dc8       0x38 ./Hardware/oled.o
 .debug_aranges
                0x0000000000000e00       0x80 ./Lib/u8g2/u8g2_buffer.o
 .debug_aranges
                0x0000000000000e80      0x4e0 ./Lib/u8g2/u8g2_d_memory.o
 .debug_aranges
                0x0000000000001360     0x1710 ./Lib/u8g2/u8g2_d_setup.o
 .debug_aranges
                0x0000000000002a70      0x198 ./Lib/u8g2/u8g2_font.o
 .debug_aranges
                0x0000000000002c08       0x18 ./Lib/u8g2/u8g2_fonts.o
 .debug_aranges
                0x0000000000002c20       0x50 ./Lib/u8g2/u8g2_hvline.o
 .debug_aranges
                0x0000000000002c70       0x28 ./Lib/u8g2/u8g2_intersection.o
 .debug_aranges
                0x0000000000002c98       0x28 ./Lib/u8g2/u8g2_ll_hvline.o
 .debug_aranges
                0x0000000000002cc0       0xc8 ./Lib/u8g2/u8g2_setup.o
 .debug_aranges
                0x0000000000002d88       0xc8 ./Lib/u8g2/u8x8_8x8.o
 .debug_aranges
                0x0000000000002e50       0xe0 ./Lib/u8g2/u8x8_byte.o
 .debug_aranges
                0x0000000000002f30       0xd0 ./Lib/u8g2/u8x8_cad.o
 .debug_aranges
                0x0000000000003000       0x50 ./Lib/u8g2/u8x8_d_ssd1306_128x64_noname.o
 .debug_aranges
                0x0000000000003050       0x88 ./Lib/u8g2/u8x8_display.o
 .debug_aranges
                0x00000000000030d8       0x20 ./Lib/u8g2/u8x8_gpio.o
 .debug_aranges
                0x00000000000030f8       0x38 ./Lib/u8g2/u8x8_setup.o

.debug_ranges   0x0000000000000000     0x2f70
 .debug_ranges  0x0000000000000000       0x40 ./Core/Src/main.o
 .debug_ranges  0x0000000000000040       0x48 ./Core/Src/stm32f1xx_hal_msp.o
 .debug_ranges  0x0000000000000088       0x50 ./Core/Src/stm32f1xx_it.o
 .debug_ranges  0x00000000000000d8       0x18 ./Core/Src/system_stm32f1xx.o
 .debug_ranges  0x00000000000000f0       0x20 ./Core/Startup/startup_stm32f103c8tx.o
 .debug_ranges  0x0000000000000110       0xd0 ./Drivers/STM32F1xx_HAL_Driver/Src/stm32f1xx_hal.o
 .debug_ranges  0x00000000000001e0       0xf0 ./Drivers/STM32F1xx_HAL_Driver/Src/stm32f1xx_hal_cortex.o
 .debug_ranges  0x00000000000002d0       0x48 ./Drivers/STM32F1xx_HAL_Driver/Src/stm32f1xx_hal_gpio.o
 .debug_ranges  0x0000000000000318      0x2b8 ./Drivers/STM32F1xx_HAL_Driver/Src/stm32f1xx_hal_i2c.o
 .debug_ranges  0x00000000000005d0       0x98 ./Drivers/STM32F1xx_HAL_Driver/Src/stm32f1xx_hal_pwr.o
 .debug_ranges  0x0000000000000668       0x80 ./Drivers/STM32F1xx_HAL_Driver/Src/stm32f1xx_hal_rcc.o
 .debug_ranges  0x00000000000006e8       0x20 ./Drivers/STM32F1xx_HAL_Driver/Src/stm32f1xx_hal_rcc_ex.o
 .debug_ranges  0x0000000000000708       0xe8 ./Drivers/STM32F1xx_HAL_Driver/Src/stm32f1xx_hal_rtc.o
 .debug_ranges  0x00000000000007f0      0x3c0 ./Drivers/STM32F1xx_HAL_Driver/Src/stm32f1xx_hal_tim.o
 .debug_ranges  0x0000000000000bb0      0x158 ./Drivers/STM32F1xx_HAL_Driver/Src/stm32f1xx_hal_tim_ex.o
 .debug_ranges  0x0000000000000d08       0x28 ./Hardware/oled.o
 .debug_ranges  0x0000000000000d30       0x70 ./Lib/u8g2/u8g2_buffer.o
 .debug_ranges  0x0000000000000da0      0x4d0 ./Lib/u8g2/u8g2_d_memory.o
 .debug_ranges  0x0000000000001270     0x1700 ./Lib/u8g2/u8g2_d_setup.o
 .debug_ranges  0x0000000000002970      0x1a0 ./Lib/u8g2/u8g2_font.o
 .debug_ranges  0x0000000000002b10       0x40 ./Lib/u8g2/u8g2_hvline.o
 .debug_ranges  0x0000000000002b50       0x18 ./Lib/u8g2/u8g2_intersection.o
 .debug_ranges  0x0000000000002b68       0x18 ./Lib/u8g2/u8g2_ll_hvline.o
 .debug_ranges  0x0000000000002b80       0xb8 ./Lib/u8g2/u8g2_setup.o
 .debug_ranges  0x0000000000002c38       0xb8 ./Lib/u8g2/u8x8_8x8.o
 .debug_ranges  0x0000000000002cf0       0xd0 ./Lib/u8g2/u8x8_byte.o
 .debug_ranges  0x0000000000002dc0       0xc0 ./Lib/u8g2/u8x8_cad.o
 .debug_ranges  0x0000000000002e80       0x40 ./Lib/u8g2/u8x8_d_ssd1306_128x64_noname.o
 .debug_ranges  0x0000000000002ec0       0x78 ./Lib/u8g2/u8x8_display.o
 .debug_ranges  0x0000000000002f38       0x10 ./Lib/u8g2/u8x8_gpio.o
 .debug_ranges  0x0000000000002f48       0x28 ./Lib/u8g2/u8x8_setup.o

.debug_macro    0x0000000000000000    0x1979a
 .debug_macro   0x0000000000000000      0x253 ./Core/Src/main.o
 .debug_macro   0x0000000000000253      0xa9c ./Core/Src/main.o
 .debug_macro   0x0000000000000cef      0x221 ./Core/Src/main.o
 .debug_macro   0x0000000000000f10       0x2e ./Core/Src/main.o
 .debug_macro   0x0000000000000f3e       0x22 ./Core/Src/main.o
 .debug_macro   0x0000000000000f60       0x22 ./Core/Src/main.o
 .debug_macro   0x0000000000000f82       0x8e ./Core/Src/main.o
 .debug_macro   0x0000000000001010       0x51 ./Core/Src/main.o
 .debug_macro   0x0000000000001061      0x103 ./Core/Src/main.o
 .debug_macro   0x0000000000001164       0x6a ./Core/Src/main.o
 .debug_macro   0x00000000000011ce      0x1df ./Core/Src/main.o
 .debug_macro   0x00000000000013ad       0x1c ./Core/Src/main.o
 .debug_macro   0x00000000000013c9       0x22 ./Core/Src/main.o
 .debug_macro   0x00000000000013eb       0xc3 ./Core/Src/main.o
 .debug_macro   0x00000000000014ae      0xd23 ./Core/Src/main.o
 .debug_macro   0x00000000000021d1     0xe09e ./Core/Src/main.o
 .debug_macro   0x000000000001026f       0x6d ./Core/Src/main.o
 .debug_macro   0x00000000000102dc     0x3468 ./Core/Src/main.o
 .debug_macro   0x0000000000013744      0x174 ./Core/Src/main.o
 .debug_macro   0x00000000000138b8       0x5c ./Core/Src/main.o
 .debug_macro   0x0000000000013914      0x5be ./Core/Src/main.o
 .debug_macro   0x0000000000013ed2      0x289 ./Core/Src/main.o
 .debug_macro   0x000000000001415b      0x1cb ./Core/Src/main.o
 .debug_macro   0x0000000000014326      0x114 ./Core/Src/main.o
 .debug_macro   0x000000000001443a      0x1b2 ./Core/Src/main.o
 .debug_macro   0x00000000000145ec       0x27 ./Core/Src/main.o
 .debug_macro   0x0000000000014613      0x136 ./Core/Src/main.o
 .debug_macro   0x0000000000014749      0x1bc ./Core/Src/main.o
 .debug_macro   0x0000000000014905       0x34 ./Core/Src/main.o
 .debug_macro   0x0000000000014939       0x3c ./Core/Src/main.o
 .debug_macro   0x0000000000014975       0x57 ./Core/Src/main.o
 .debug_macro   0x00000000000149cc       0x88 ./Core/Src/main.o
 .debug_macro   0x0000000000014a54      0x241 ./Core/Src/main.o
 .debug_macro   0x0000000000014c95      0x287 ./Core/Src/main.o
 .debug_macro   0x0000000000014f1c      0x141 ./Core/Src/main.o
 .debug_macro   0x000000000001505d      0x1ef ./Core/Src/main.o
 .debug_macro   0x000000000001524c       0xec ./Core/Src/main.o
 .debug_macro   0x0000000000015338      0x8d1 ./Core/Src/main.o
 .debug_macro   0x0000000000015c09       0x83 ./Core/Src/main.o
 .debug_macro   0x0000000000015c8c       0x10 ./Core/Src/main.o
 .debug_macro   0x0000000000015c9c       0x58 ./Core/Src/main.o
 .debug_macro   0x0000000000015cf4       0x52 ./Core/Src/main.o
 .debug_macro   0x0000000000015d46      0x333 ./Core/Src/main.o
 .debug_macro   0x0000000000016079       0x7c ./Core/Src/main.o
 .debug_macro   0x00000000000160f5       0x17 ./Core/Src/main.o
 .debug_macro   0x000000000001610c      0x118 ./Core/Src/main.o
 .debug_macro   0x0000000000016224      0x330 ./Core/Src/main.o
 .debug_macro   0x0000000000016554      0x6f9 ./Core/Src/main.o
 .debug_macro   0x0000000000016c4d      0x1c1 ./Core/Src/stm32f1xx_hal_msp.o
 .debug_macro   0x0000000000016e0e      0x1cb ./Core/Src/stm32f1xx_it.o
 .debug_macro   0x0000000000016fd9      0x1b7 ./Core/Src/system_stm32f1xx.o
 .debug_macro   0x0000000000017190      0x1db ./Drivers/STM32F1xx_HAL_Driver/Src/stm32f1xx_hal.o
 .debug_macro   0x000000000001736b      0x1b7 ./Drivers/STM32F1xx_HAL_Driver/Src/stm32f1xx_hal_cortex.o
 .debug_macro   0x0000000000017522      0x222 ./Drivers/STM32F1xx_HAL_Driver/Src/stm32f1xx_hal_gpio.o
 .debug_macro   0x0000000000017744      0x1fe ./Drivers/STM32F1xx_HAL_Driver/Src/stm32f1xx_hal_i2c.o
 .debug_macro   0x0000000000017942      0x217 ./Drivers/STM32F1xx_HAL_Driver/Src/stm32f1xx_hal_pwr.o
 .debug_macro   0x0000000000017b59      0x1c9 ./Drivers/STM32F1xx_HAL_Driver/Src/stm32f1xx_hal_rcc.o
 .debug_macro   0x0000000000017d22      0x1b7 ./Drivers/STM32F1xx_HAL_Driver/Src/stm32f1xx_hal_rcc_ex.o
 .debug_macro   0x0000000000017ed9      0x1c6 ./Drivers/STM32F1xx_HAL_Driver/Src/stm32f1xx_hal_rtc.o
 .debug_macro   0x000000000001809f      0x1b8 ./Drivers/STM32F1xx_HAL_Driver/Src/stm32f1xx_hal_tim.o
 .debug_macro   0x0000000000018257      0x1b7 ./Drivers/STM32F1xx_HAL_Driver/Src/stm32f1xx_hal_tim_ex.o
 .debug_macro   0x000000000001840e      0x253 ./Hardware/oled.o
 .debug_macro   0x0000000000018661       0xbd ./Hardware/oled.o
 .debug_macro   0x000000000001871e       0x56 ./Hardware/oled.o
 .debug_macro   0x0000000000018774      0x19c ./Lib/u8g2/u8g2_buffer.o
 .debug_macro   0x0000000000018910       0xea ./Lib/u8g2/u8g2_d_memory.o
 .debug_macro   0x00000000000189fa       0xea ./Lib/u8g2/u8g2_d_setup.o
 .debug_macro   0x0000000000018ae4       0xf0 ./Lib/u8g2/u8g2_font.o
 .debug_macro   0x0000000000018bd4       0xea ./Lib/u8g2/u8g2_fonts.o
 .debug_macro   0x0000000000018cbe      0x11a ./Lib/u8g2/u8g2_hvline.o
 .debug_macro   0x0000000000018dd8       0xf0 ./Lib/u8g2/u8g2_intersection.o
 .debug_macro   0x0000000000018ec8      0x11a ./Lib/u8g2/u8g2_ll_hvline.o
 .debug_macro   0x0000000000018fe2      0x1a5 ./Lib/u8g2/u8g2_setup.o
 .debug_macro   0x0000000000019187       0x16 ./Lib/u8g2/u8g2_setup.o
 .debug_macro   0x000000000001919d       0xdb ./Lib/u8g2/u8x8_8x8.o
 .debug_macro   0x0000000000019278       0xdb ./Lib/u8g2/u8x8_byte.o
 .debug_macro   0x0000000000019353       0xdb ./Lib/u8g2/u8x8_cad.o
 .debug_macro   0x000000000001942e       0xdb ./Lib/u8g2/u8x8_d_ssd1306_128x64_noname.o
 .debug_macro   0x0000000000019509       0xdb ./Lib/u8g2/u8x8_display.o
 .debug_macro   0x00000000000195e4       0xdb ./Lib/u8g2/u8x8_gpio.o
 .debug_macro   0x00000000000196bf       0xdb ./Lib/u8g2/u8x8_setup.o

.debug_line     0x0000000000000000    0x22d9f
 .debug_line    0x0000000000000000      0xd5f ./Core/Src/main.o
 .debug_line    0x0000000000000d5f      0x953 ./Core/Src/stm32f1xx_hal_msp.o
 .debug_line    0x00000000000016b2      0x92d ./Core/Src/stm32f1xx_it.o
 .debug_line    0x0000000000001fdf      0x8e9 ./Core/Src/system_stm32f1xx.o
 .debug_line    0x00000000000028c8       0x87 ./Core/Startup/startup_stm32f103c8tx.o
 .debug_line    0x000000000000294f      0xb16 ./Drivers/STM32F1xx_HAL_Driver/Src/stm32f1xx_hal.o
 .debug_line    0x0000000000003465      0xcfe ./Drivers/STM32F1xx_HAL_Driver/Src/stm32f1xx_hal_cortex.o
 .debug_line    0x0000000000004163      0xbad ./Drivers/STM32F1xx_HAL_Driver/Src/stm32f1xx_hal_gpio.o
 .debug_line    0x0000000000004d10     0x3c00 ./Drivers/STM32F1xx_HAL_Driver/Src/stm32f1xx_hal_i2c.o
 .debug_line    0x0000000000008910      0xa98 ./Drivers/STM32F1xx_HAL_Driver/Src/stm32f1xx_hal_pwr.o
 .debug_line    0x00000000000093a8      0xf24 ./Drivers/STM32F1xx_HAL_Driver/Src/stm32f1xx_hal_rcc.o
 .debug_line    0x000000000000a2cc      0xa62 ./Drivers/STM32F1xx_HAL_Driver/Src/stm32f1xx_hal_rcc_ex.o
 .debug_line    0x000000000000ad2e     0x1288 ./Drivers/STM32F1xx_HAL_Driver/Src/stm32f1xx_hal_rtc.o
 .debug_line    0x000000000000bfb6     0x34bf ./Drivers/STM32F1xx_HAL_Driver/Src/stm32f1xx_hal_tim.o
 .debug_line    0x000000000000f475     0x1a3e ./Drivers/STM32F1xx_HAL_Driver/Src/stm32f1xx_hal_tim_ex.o
 .debug_line    0x0000000000010eb3      0xc2c ./Hardware/oled.o
 .debug_line    0x0000000000011adf      0xae1 ./Lib/u8g2/u8g2_buffer.o
 .debug_line    0x00000000000125c0     0x184c ./Lib/u8g2/u8g2_d_memory.o
 .debug_line    0x0000000000013e0c     0x5e49 ./Lib/u8g2/u8g2_d_setup.o
 .debug_line    0x0000000000019c55     0x121e ./Lib/u8g2/u8g2_font.o
 .debug_line    0x000000000001ae73      0x82e ./Lib/u8g2/u8g2_fonts.o
 .debug_line    0x000000000001b6a1      0x9dc ./Lib/u8g2/u8g2_hvline.o
 .debug_line    0x000000000001c07d      0x888 ./Lib/u8g2/u8g2_intersection.o
 .debug_line    0x000000000001c905      0x973 ./Lib/u8g2/u8g2_ll_hvline.o
 .debug_line    0x000000000001d278      0xcdb ./Lib/u8g2/u8g2_setup.o
 .debug_line    0x000000000001df53      0xd76 ./Lib/u8g2/u8x8_8x8.o
 .debug_line    0x000000000001ecc9      0xd66 ./Lib/u8g2/u8x8_byte.o
 .debug_line    0x000000000001fa2f      0xe97 ./Lib/u8g2/u8x8_cad.o
 .debug_line    0x00000000000208c6      0x9dd ./Lib/u8g2/u8x8_d_ssd1306_128x64_noname.o
 .debug_line    0x00000000000212a3      0xa07 ./Lib/u8g2/u8x8_display.o
 .debug_line    0x0000000000021caa      0x83d ./Lib/u8g2/u8x8_gpio.o
 .debug_line    0x00000000000224e7      0x8b8 ./Lib/u8g2/u8x8_setup.o

.debug_str      0x0000000000000000    0xa1d53
 .debug_str     0x0000000000000000    0x950c2 ./Core/Src/main.o
                                      0x9652f (size before relaxing)
 .debug_str     0x00000000000950c2       0xf2 ./Core/Src/stm32f1xx_hal_msp.o
                                      0x854f7 (size before relaxing)
 .debug_str     0x00000000000951b4       0xbd ./Core/Src/stm32f1xx_it.o
                                      0x84bc6 (size before relaxing)
 .debug_str     0x0000000000095271       0x52 ./Core/Src/system_stm32f1xx.o
                                      0x84b96 (size before relaxing)
 .debug_str     0x00000000000952c3       0x36 ./Core/Startup/startup_stm32f103c8tx.o
                                         0x75 (size before relaxing)
 .debug_str     0x00000000000952f9      0x568 ./Drivers/STM32F1xx_HAL_Driver/Src/stm32f1xx_hal.o
                                      0x85227 (size before relaxing)
 .debug_str     0x0000000000095861      0x300 ./Drivers/STM32F1xx_HAL_Driver/Src/stm32f1xx_hal_cortex.o
                                      0x8522f (size before relaxing)
 .debug_str     0x0000000000095b61      0x324 ./Drivers/STM32F1xx_HAL_Driver/Src/stm32f1xx_hal_gpio.o
                                      0x84f5a (size before relaxing)
 .debug_str     0x0000000000095e85      0xb47 ./Drivers/STM32F1xx_HAL_Driver/Src/stm32f1xx_hal_i2c.o
                                      0x85bd2 (size before relaxing)
 .debug_str     0x00000000000969cc      0x507 ./Drivers/STM32F1xx_HAL_Driver/Src/stm32f1xx_hal_pwr.o
                                      0x850f9 (size before relaxing)
 .debug_str     0x0000000000096ed3      0x238 ./Drivers/STM32F1xx_HAL_Driver/Src/stm32f1xx_hal_rcc.o
                                      0x84f93 (size before relaxing)
 .debug_str     0x000000000009710b       0xb9 ./Drivers/STM32F1xx_HAL_Driver/Src/stm32f1xx_hal_rcc_ex.o
                                      0x84d20 (size before relaxing)
 .debug_str     0x00000000000971c4      0x33f ./Drivers/STM32F1xx_HAL_Driver/Src/stm32f1xx_hal_rtc.o
                                      0x850a6 (size before relaxing)
 .debug_str     0x0000000000097503      0xd8b ./Drivers/STM32F1xx_HAL_Driver/Src/stm32f1xx_hal_tim.o
                                      0x85f65 (size before relaxing)
 .debug_str     0x000000000009828e      0x4ee ./Drivers/STM32F1xx_HAL_Driver/Src/stm32f1xx_hal_tim_ex.o
                                      0x85716 (size before relaxing)
 .debug_str     0x000000000009877c       0x7f ./Hardware/oled.o
                                      0x95dcf (size before relaxing)
 .debug_str     0x00000000000987fb     0x1dec ./Lib/u8g2/u8g2_buffer.o
                                      0x16c2a (size before relaxing)
 .debug_str     0x000000000009a5e7      0x8b9 ./Lib/u8g2/u8g2_d_memory.o
                                      0x1564c (size before relaxing)
 .debug_str     0x000000000009aea0     0x5baa ./Lib/u8g2/u8g2_d_setup.o
                                      0x1a942 (size before relaxing)
 .debug_str     0x00000000000a0a4a      0x53d ./Lib/u8g2/u8g2_font.o
                                      0x15314 (size before relaxing)
 .debug_str     0x00000000000a0f87       0x19 ./Lib/u8g2/u8g2_fonts.o
                                      0x14dac (size before relaxing)
 .debug_str     0x00000000000a0fa0       0x98 ./Lib/u8g2/u8g2_hvline.o
                                      0x150a2 (size before relaxing)
 .debug_str     0x00000000000a1038       0x94 ./Lib/u8g2/u8g2_intersection.o
                                      0x14e2c (size before relaxing)
 .debug_str     0x00000000000a10cc       0x6a ./Lib/u8g2/u8g2_ll_hvline.o
                                      0x1508a (size before relaxing)
 .debug_str     0x00000000000a1136      0x214 ./Lib/u8g2/u8g2_setup.o
                                      0x16cff (size before relaxing)
 .debug_str     0x00000000000a134a      0x1cb ./Lib/u8g2/u8x8_8x8.o
                                       0x8160 (size before relaxing)
 .debug_str     0x00000000000a1515      0x1ec ./Lib/u8g2/u8x8_byte.o
                                       0x8198 (size before relaxing)
 .debug_str     0x00000000000a1701      0x1d6 ./Lib/u8g2/u8x8_cad.o
                                       0x8195 (size before relaxing)
 .debug_str     0x00000000000a18d7      0x2b0 ./Lib/u8g2/u8x8_d_ssd1306_128x64_noname.o
                                       0x8244 (size before relaxing)
 .debug_str     0x00000000000a1b87      0x13a ./Lib/u8g2/u8x8_display.o
                                       0x8105 (size before relaxing)
 .debug_str     0x00000000000a1cc1       0x27 ./Lib/u8g2/u8x8_gpio.o
                                       0x7fab (size before relaxing)
 .debug_str     0x00000000000a1ce8       0x6b ./Lib/u8g2/u8x8_setup.o
                                       0x7fff (size before relaxing)

.comment        0x0000000000000000       0x53
 .comment       0x0000000000000000       0x53 ./Core/Src/main.o
                                         0x54 (size before relaxing)
 .comment       0x0000000000000053       0x54 ./Core/Src/stm32f1xx_hal_msp.o
 .comment       0x0000000000000053       0x54 ./Core/Src/stm32f1xx_it.o
 .comment       0x0000000000000053       0x54 ./Core/Src/system_stm32f1xx.o
 .comment       0x0000000000000053       0x54 ./Drivers/STM32F1xx_HAL_Driver/Src/stm32f1xx_hal.o
 .comment       0x0000000000000053       0x54 ./Drivers/STM32F1xx_HAL_Driver/Src/stm32f1xx_hal_cortex.o
 .comment       0x0000000000000053       0x54 ./Drivers/STM32F1xx_HAL_Driver/Src/stm32f1xx_hal_gpio.o
 .comment       0x0000000000000053       0x54 ./Drivers/STM32F1xx_HAL_Driver/Src/stm32f1xx_hal_i2c.o
 .comment       0x0000000000000053       0x54 ./Drivers/STM32F1xx_HAL_Driver/Src/stm32f1xx_hal_pwr.o
 .comment       0x0000000000000053       0x54 ./Drivers/STM32F1xx_HAL_Driver/Src/stm32f1xx_hal_rcc.o
 .comment       0x0000000000000053       0x54 ./Drivers/STM32F1xx_HAL_Driver/Src/stm32f1xx_hal_rcc_ex.o
 .comment       0x0000000000000053       0x54 ./Drivers/STM32F1xx_HAL_Driver/Src/stm32f1xx_hal_rtc.o
 .comment       0x0000000000000053       0x54 ./Drivers/STM32F1xx_HAL_Driver/Src/stm32f1xx_hal_tim.o
 .comment       0x0000000000000053       0x54 ./Drivers/STM32F1xx_HAL_Driver/Src/stm32f1xx_hal_tim_ex.o
 .comment       0x0000000000000053       0x54 ./Hardware/oled.o
 .comment       0x0000000000000053       0x54 ./Lib/u8g2/u8g2_buffer.o
 .comment       0x0000000000000053       0x54 ./Lib/u8g2/u8g2_d_memory.o
 .comment       0x0000000000000053       0x54 ./Lib/u8g2/u8g2_d_setup.o
 .comment       0x0000000000000053       0x54 ./Lib/u8g2/u8g2_font.o
 .comment       0x0000000000000053       0x54 ./Lib/u8g2/u8g2_fonts.o
 .comment       0x0000000000000053       0x54 ./Lib/u8g2/u8g2_hvline.o
 .comment       0x0000000000000053       0x54 ./Lib/u8g2/u8g2_intersection.o
 .comment       0x0000000000000053       0x54 ./Lib/u8g2/u8g2_ll_hvline.o
 .comment       0x0000000000000053       0x54 ./Lib/u8g2/u8g2_setup.o
 .comment       0x0000000000000053       0x54 ./Lib/u8g2/u8x8_8x8.o
 .comment       0x0000000000000053       0x54 ./Lib/u8g2/u8x8_byte.o
 .comment       0x0000000000000053       0x54 ./Lib/u8g2/u8x8_cad.o
 .comment       0x0000000000000053       0x54 ./Lib/u8g2/u8x8_d_ssd1306_128x64_noname.o
 .comment       0x0000000000000053       0x54 ./Lib/u8g2/u8x8_display.o
 .comment       0x0000000000000053       0x54 ./Lib/u8g2/u8x8_gpio.o
 .comment       0x0000000000000053       0x54 ./Lib/u8g2/u8x8_setup.o

.debug_frame    0x0000000000000000     0xd738
 .debug_frame   0x0000000000000000       0xf4 ./Core/Src/main.o
 .debug_frame   0x00000000000000f4      0x140 ./Core/Src/stm32f1xx_hal_msp.o
 .debug_frame   0x0000000000000234      0x104 ./Core/Src/stm32f1xx_it.o
 .debug_frame   0x0000000000000338       0x58 ./Core/Src/system_stm32f1xx.o
 .debug_frame   0x0000000000000390      0x334 ./Drivers/STM32F1xx_HAL_Driver/Src/stm32f1xx_hal.o
 .debug_frame   0x00000000000006c4      0x428 ./Drivers/STM32F1xx_HAL_Driver/Src/stm32f1xx_hal_cortex.o
 .debug_frame   0x0000000000000aec      0x14c ./Drivers/STM32F1xx_HAL_Driver/Src/stm32f1xx_hal_gpio.o
 .debug_frame   0x0000000000000c38      0xc5c ./Drivers/STM32F1xx_HAL_Driver/Src/stm32f1xx_hal_i2c.o
 .debug_frame   0x0000000000001894      0x270 ./Drivers/STM32F1xx_HAL_Driver/Src/stm32f1xx_hal_pwr.o
 .debug_frame   0x0000000000001b04      0x21c ./Drivers/STM32F1xx_HAL_Driver/Src/stm32f1xx_hal_rcc.o
 .debug_frame   0x0000000000001d20       0x84 ./Drivers/STM32F1xx_HAL_Driver/Src/stm32f1xx_hal_rcc_ex.o
 .debug_frame   0x0000000000001da4      0x434 ./Drivers/STM32F1xx_HAL_Driver/Src/stm32f1xx_hal_rtc.o
 .debug_frame   0x00000000000021d8     0x11b8 ./Drivers/STM32F1xx_HAL_Driver/Src/stm32f1xx_hal_tim.o
 .debug_frame   0x0000000000003390      0x638 ./Drivers/STM32F1xx_HAL_Driver/Src/stm32f1xx_hal_tim_ex.o
 .debug_frame   0x00000000000039c8       0xa8 ./Hardware/oled.o
 .debug_frame   0x0000000000003a70      0x1e8 ./Lib/u8g2/u8g2_buffer.o
 .debug_frame   0x0000000000003c58     0x17f8 ./Lib/u8g2/u8g2_d_memory.o
 .debug_frame   0x0000000000005450     0x676c ./Lib/u8g2/u8g2_d_setup.o
 .debug_frame   0x000000000000bbbc      0x72c ./Lib/u8g2/u8g2_font.o
 .debug_frame   0x000000000000c2e8      0x11c ./Lib/u8g2/u8g2_hvline.o
 .debug_frame   0x000000000000c404       0x5c ./Lib/u8g2/u8g2_intersection.o
 .debug_frame   0x000000000000c460       0x60 ./Lib/u8g2/u8g2_ll_hvline.o
 .debug_frame   0x000000000000c4c0      0x344 ./Lib/u8g2/u8g2_setup.o
 .debug_frame   0x000000000000c804      0x354 ./Lib/u8g2/u8x8_8x8.o
 .debug_frame   0x000000000000cb58      0x3bc ./Lib/u8g2/u8x8_byte.o
 .debug_frame   0x000000000000cf14      0x3b4 ./Lib/u8g2/u8x8_cad.o
 .debug_frame   0x000000000000d2c8      0x10c ./Lib/u8g2/u8x8_d_ssd1306_128x64_noname.o
 .debug_frame   0x000000000000d3d4      0x238 ./Lib/u8g2/u8x8_display.o
 .debug_frame   0x000000000000d60c       0x38 ./Lib/u8g2/u8x8_gpio.o
 .debug_frame   0x000000000000d644       0xa8 ./Lib/u8g2/u8x8_setup.o
 .debug_frame   0x000000000000d6ec       0x2c d:/progfiles/stmicroelectronics/stm32cubeide_1.8.0/stm32cubeide/plugins/com.st.stm32cube.ide.mcu.externaltools.gnu-tools-for-stm32.9-2020-q2-update.win32_2.0.0.202105311346/tools/bin/../lib/gcc/arm-none-eabi/9.3.1/../../../../arm-none-eabi/lib/thumb/v7-m/nofp\libc_nano.a(lib_a-init.o)
 .debug_frame   0x000000000000d718       0x20 d:/progfiles/stmicroelectronics/stm32cubeide_1.8.0/stm32cubeide/plugins/com.st.stm32cube.ide.mcu.externaltools.gnu-tools-for-stm32.9-2020-q2-update.win32_2.0.0.202105311346/tools/bin/../lib/gcc/arm-none-eabi/9.3.1/../../../../arm-none-eabi/lib/thumb/v7-m/nofp\libc_nano.a(lib_a-memset.o)
